
==========================================================================
finish report_tns
--------------------------------------------------------------------------
tns max 0.00

==========================================================================
finish report_wns
--------------------------------------------------------------------------
wns max 0.00

==========================================================================
finish report_worst_slack
--------------------------------------------------------------------------
worst slack max 7.62

==========================================================================
finish report_clock_min_period
--------------------------------------------------------------------------
wb_clk period_min = 2.38 fmax = 419.46

==========================================================================
finish report_clock_skew
--------------------------------------------------------------------------
Clock wb_clk
   0.34 source latency debug.wbs_ack_o$_DFF_PP0_/CLK ^
  -0.35 target latency debug.wbs_dat_o[28]$_DFFE_PP0N_/CLK ^
   0.00 CRPR
--------------
  -0.01 setup skew


==========================================================================
finish report_checks -path_delay min
--------------------------------------------------------------------------
Startpoint: debug.debug_reg_1[1]$_DFFE_PP0P_
            (rising edge-triggered flip-flop clocked by wb_clk)
Endpoint: debug.debug_reg_1[1]$_DFFE_PP0P_
          (rising edge-triggered flip-flop clocked by wb_clk)
Path Group: wb_clk
Path Type: min

Fanout     Cap    Slew   Delay    Time   Description
-----------------------------------------------------------------------------
                          0.00    0.00   clock wb_clk (rise edge)
                          0.00    0.00   clock source latency
     1    0.02    0.00    0.00    0.00 ^ wb_clk_i (in)
                                         wb_clk_i (net)
                  0.00    0.00    0.00 ^ clkbuf_0_wb_clk_i/A (sky130_fd_sc_hd__clkbuf_16)
     8    0.09    0.11    0.16    0.16 ^ clkbuf_0_wb_clk_i/X (sky130_fd_sc_hd__clkbuf_16)
                                         clknet_0_wb_clk_i (net)
                  0.11    0.00    0.17 ^ clkbuf_3_0__f_wb_clk_i/A (sky130_fd_sc_hd__clkbuf_16)
    10    0.05    0.06    0.17    0.33 ^ clkbuf_3_0__f_wb_clk_i/X (sky130_fd_sc_hd__clkbuf_16)
                                         clknet_3_0__leaf_wb_clk_i (net)
                  0.06    0.00    0.34 ^ debug.debug_reg_1[1]$_DFFE_PP0P_/CLK (sky130_fd_sc_hd__dfrtp_1)
     2    0.00    0.06    0.33    0.67 ^ debug.debug_reg_1[1]$_DFFE_PP0P_/Q (sky130_fd_sc_hd__dfrtp_1)
                                         _012_ (net)
                  0.06    0.00    0.67 ^ _641_/A1 (sky130_fd_sc_hd__mux2_1)
     1    0.00    0.04    0.12    0.79 ^ _641_/X (sky130_fd_sc_hd__mux2_1)
                                         _242_ (net)
                  0.04    0.00    0.79 ^ debug.debug_reg_1[1]$_DFFE_PP0P_/D (sky130_fd_sc_hd__dfrtp_1)
                                  0.79   data arrival time

                          0.00    0.00   clock wb_clk (rise edge)
                          0.00    0.00   clock source latency
     1    0.02    0.00    0.00    0.00 ^ wb_clk_i (in)
                                         wb_clk_i (net)
                  0.00    0.00    0.00 ^ clkbuf_0_wb_clk_i/A (sky130_fd_sc_hd__clkbuf_16)
     8    0.09    0.11    0.16    0.16 ^ clkbuf_0_wb_clk_i/X (sky130_fd_sc_hd__clkbuf_16)
                                         clknet_0_wb_clk_i (net)
                  0.11    0.00    0.17 ^ clkbuf_3_0__f_wb_clk_i/A (sky130_fd_sc_hd__clkbuf_16)
    10    0.05    0.06    0.17    0.33 ^ clkbuf_3_0__f_wb_clk_i/X (sky130_fd_sc_hd__clkbuf_16)
                                         clknet_3_0__leaf_wb_clk_i (net)
                  0.06    0.00    0.34 ^ debug.debug_reg_1[1]$_DFFE_PP0P_/CLK (sky130_fd_sc_hd__dfrtp_1)
                          0.00    0.34   clock reconvergence pessimism
                         -0.03    0.31   library hold time
                                  0.31   data required time
-----------------------------------------------------------------------------
                                  0.31   data required time
                                 -0.79   data arrival time
-----------------------------------------------------------------------------
                                  0.49   slack (MET)



==========================================================================
finish report_checks -path_delay max
--------------------------------------------------------------------------
Startpoint: debug.wbs_ack_o$_DFF_PP0_
            (rising edge-triggered flip-flop clocked by wb_clk)
Endpoint: debug.debug_reg_1[0]$_DFFE_PP0P_
          (rising edge-triggered flip-flop clocked by wb_clk)
Path Group: wb_clk
Path Type: max

Fanout     Cap    Slew   Delay    Time   Description
-----------------------------------------------------------------------------
                          0.00    0.00   clock wb_clk (rise edge)
                          0.00    0.00   clock source latency
     1    0.02    0.00    0.00    0.00 ^ wb_clk_i (in)
                                         wb_clk_i (net)
                  0.00    0.00    0.00 ^ clkbuf_0_wb_clk_i/A (sky130_fd_sc_hd__clkbuf_16)
     8    0.09    0.11    0.16    0.16 ^ clkbuf_0_wb_clk_i/X (sky130_fd_sc_hd__clkbuf_16)
                                         clknet_0_wb_clk_i (net)
                  0.11    0.00    0.17 ^ clkbuf_3_6__f_wb_clk_i/A (sky130_fd_sc_hd__clkbuf_16)
    11    0.04    0.06    0.17    0.33 ^ clkbuf_3_6__f_wb_clk_i/X (sky130_fd_sc_hd__clkbuf_16)
                                         clknet_3_6__leaf_wb_clk_i (net)
                  0.06    0.00    0.34 ^ debug.wbs_ack_o$_DFF_PP0_/CLK (sky130_fd_sc_hd__dfrtp_1)
     2    0.00    0.05    0.37    0.70 v debug.wbs_ack_o$_DFF_PP0_/Q (sky130_fd_sc_hd__dfrtp_1)
                                         debug.wbs_ack_o (net)
                  0.05    0.00    0.70 v _655_/A_N (sky130_fd_sc_hd__nand3b_1)
     3    0.01    0.13    0.21    0.91 v _655_/Y (sky130_fd_sc_hd__nand3b_1)
                                         _255_ (net)
                  0.13    0.00    0.91 v _616_/B (sky130_fd_sc_hd__nor3_1)
     4    0.02    0.57    0.51    1.42 ^ _616_/Y (sky130_fd_sc_hd__nor3_1)
                                         _217_ (net)
                  0.57    0.00    1.42 ^ _620_/D (sky130_fd_sc_hd__nand4_1)
     8    0.05    0.66    0.64    2.06 v _620_/Y (sky130_fd_sc_hd__nand4_1)
                                         _221_ (net)
                  0.66    0.01    2.06 v _652_/S (sky130_fd_sc_hd__mux2_1)
     1    0.00    0.06    0.54    2.60 v _652_/X (sky130_fd_sc_hd__mux2_1)
                                         _253_ (net)
                  0.06    0.00    2.60 v debug.debug_reg_1[0]$_DFFE_PP0P_/D (sky130_fd_sc_hd__dfrtp_1)
                                  2.60   data arrival time

                         10.00   10.00   clock wb_clk (rise edge)
                          0.00   10.00   clock source latency
     1    0.02    0.00    0.00   10.00 ^ wb_clk_i (in)
                                         wb_clk_i (net)
                  0.00    0.00   10.00 ^ clkbuf_0_wb_clk_i/A (sky130_fd_sc_hd__clkbuf_16)
     8    0.09    0.11    0.16   10.16 ^ clkbuf_0_wb_clk_i/X (sky130_fd_sc_hd__clkbuf_16)
                                         clknet_0_wb_clk_i (net)
                  0.11    0.00   10.17 ^ clkbuf_3_0__f_wb_clk_i/A (sky130_fd_sc_hd__clkbuf_16)
    10    0.05    0.06    0.17   10.33 ^ clkbuf_3_0__f_wb_clk_i/X (sky130_fd_sc_hd__clkbuf_16)
                                         clknet_3_0__leaf_wb_clk_i (net)
                  0.06    0.00   10.34 ^ debug.debug_reg_1[0]$_DFFE_PP0P_/CLK (sky130_fd_sc_hd__dfrtp_1)
                          0.00   10.34   clock reconvergence pessimism
                         -0.12   10.22   library setup time
                                 10.22   data required time
-----------------------------------------------------------------------------
                                 10.22   data required time
                                 -2.60   data arrival time
-----------------------------------------------------------------------------
                                  7.62   slack (MET)



==========================================================================
finish report_checks -unconstrained
--------------------------------------------------------------------------
Startpoint: debug.wbs_ack_o$_DFF_PP0_
            (rising edge-triggered flip-flop clocked by wb_clk)
Endpoint: debug.debug_reg_1[0]$_DFFE_PP0P_
          (rising edge-triggered flip-flop clocked by wb_clk)
Path Group: wb_clk
Path Type: max

Fanout     Cap    Slew   Delay    Time   Description
-----------------------------------------------------------------------------
                          0.00    0.00   clock wb_clk (rise edge)
                          0.00    0.00   clock source latency
     1    0.02    0.00    0.00    0.00 ^ wb_clk_i (in)
                                         wb_clk_i (net)
                  0.00    0.00    0.00 ^ clkbuf_0_wb_clk_i/A (sky130_fd_sc_hd__clkbuf_16)
     8    0.09    0.11    0.16    0.16 ^ clkbuf_0_wb_clk_i/X (sky130_fd_sc_hd__clkbuf_16)
                                         clknet_0_wb_clk_i (net)
                  0.11    0.00    0.17 ^ clkbuf_3_6__f_wb_clk_i/A (sky130_fd_sc_hd__clkbuf_16)
    11    0.04    0.06    0.17    0.33 ^ clkbuf_3_6__f_wb_clk_i/X (sky130_fd_sc_hd__clkbuf_16)
                                         clknet_3_6__leaf_wb_clk_i (net)
                  0.06    0.00    0.34 ^ debug.wbs_ack_o$_DFF_PP0_/CLK (sky130_fd_sc_hd__dfrtp_1)
     2    0.00    0.05    0.37    0.70 v debug.wbs_ack_o$_DFF_PP0_/Q (sky130_fd_sc_hd__dfrtp_1)
                                         debug.wbs_ack_o (net)
                  0.05    0.00    0.70 v _655_/A_N (sky130_fd_sc_hd__nand3b_1)
     3    0.01    0.13    0.21    0.91 v _655_/Y (sky130_fd_sc_hd__nand3b_1)
                                         _255_ (net)
                  0.13    0.00    0.91 v _616_/B (sky130_fd_sc_hd__nor3_1)
     4    0.02    0.57    0.51    1.42 ^ _616_/Y (sky130_fd_sc_hd__nor3_1)
                                         _217_ (net)
                  0.57    0.00    1.42 ^ _620_/D (sky130_fd_sc_hd__nand4_1)
     8    0.05    0.66    0.64    2.06 v _620_/Y (sky130_fd_sc_hd__nand4_1)
                                         _221_ (net)
                  0.66    0.01    2.06 v _652_/S (sky130_fd_sc_hd__mux2_1)
     1    0.00    0.06    0.54    2.60 v _652_/X (sky130_fd_sc_hd__mux2_1)
                                         _253_ (net)
                  0.06    0.00    2.60 v debug.debug_reg_1[0]$_DFFE_PP0P_/D (sky130_fd_sc_hd__dfrtp_1)
                                  2.60   data arrival time

                         10.00   10.00   clock wb_clk (rise edge)
                          0.00   10.00   clock source latency
     1    0.02    0.00    0.00   10.00 ^ wb_clk_i (in)
                                         wb_clk_i (net)
                  0.00    0.00   10.00 ^ clkbuf_0_wb_clk_i/A (sky130_fd_sc_hd__clkbuf_16)
     8    0.09    0.11    0.16   10.16 ^ clkbuf_0_wb_clk_i/X (sky130_fd_sc_hd__clkbuf_16)
                                         clknet_0_wb_clk_i (net)
                  0.11    0.00   10.17 ^ clkbuf_3_0__f_wb_clk_i/A (sky130_fd_sc_hd__clkbuf_16)
    10    0.05    0.06    0.17   10.33 ^ clkbuf_3_0__f_wb_clk_i/X (sky130_fd_sc_hd__clkbuf_16)
                                         clknet_3_0__leaf_wb_clk_i (net)
                  0.06    0.00   10.34 ^ debug.debug_reg_1[0]$_DFFE_PP0P_/CLK (sky130_fd_sc_hd__dfrtp_1)
                          0.00   10.34   clock reconvergence pessimism
                         -0.12   10.22   library setup time
                                 10.22   data required time
-----------------------------------------------------------------------------
                                 10.22   data required time
                                 -2.60   data arrival time
-----------------------------------------------------------------------------
                                  7.62   slack (MET)



==========================================================================
finish report_check_types -max_slew -max_cap -max_fanout -violators
--------------------------------------------------------------------------

==========================================================================
finish max_slew_check_slack
--------------------------------------------------------------------------
0.7316633462905884

==========================================================================
finish max_slew_check_limit
--------------------------------------------------------------------------
1.4958089590072632

==========================================================================
finish max_slew_check_slack_limit
--------------------------------------------------------------------------
0.4891

==========================================================================
finish max_fanout_check_slack
--------------------------------------------------------------------------
1.0000000150474662e+30

==========================================================================
finish max_fanout_check_limit
--------------------------------------------------------------------------
1.0000000150474662e+30

==========================================================================
finish max_capacitance_check_slack
--------------------------------------------------------------------------
0.03195761516690254

==========================================================================
finish max_capacitance_check_limit
--------------------------------------------------------------------------
0.03663099929690361

==========================================================================
finish max_capacitance_check_slack_limit
--------------------------------------------------------------------------
0.8724

==========================================================================
finish max_slew_violation_count
--------------------------------------------------------------------------
max slew violation count 0

==========================================================================
finish max_fanout_violation_count
--------------------------------------------------------------------------
max fanout violation count 0

==========================================================================
finish max_cap_violation_count
--------------------------------------------------------------------------
max cap violation count 0

==========================================================================
finish setup_violation_count
--------------------------------------------------------------------------
setup violation count 0

==========================================================================
finish hold_violation_count
--------------------------------------------------------------------------
hold violation count 0

==========================================================================
finish report_checks -path_delay max reg to reg
--------------------------------------------------------------------------
Startpoint: debug.wbs_ack_o$_DFF_PP0_
            (rising edge-triggered flip-flop clocked by wb_clk)
Endpoint: debug.debug_reg_1[0]$_DFFE_PP0P_
          (rising edge-triggered flip-flop clocked by wb_clk)
Path Group: wb_clk
Path Type: max

  Delay    Time   Description
---------------------------------------------------------
   0.00    0.00   clock wb_clk (rise edge)
   0.00    0.00   clock source latency
   0.00    0.00 ^ wb_clk_i (in)
   0.16    0.16 ^ clkbuf_0_wb_clk_i/X (sky130_fd_sc_hd__clkbuf_16)
   0.17    0.33 ^ clkbuf_3_6__f_wb_clk_i/X (sky130_fd_sc_hd__clkbuf_16)
   0.00    0.34 ^ debug.wbs_ack_o$_DFF_PP0_/CLK (sky130_fd_sc_hd__dfrtp_1)
   0.37    0.70 v debug.wbs_ack_o$_DFF_PP0_/Q (sky130_fd_sc_hd__dfrtp_1)
   0.21    0.91 v _655_/Y (sky130_fd_sc_hd__nand3b_1)
   0.51    1.42 ^ _616_/Y (sky130_fd_sc_hd__nor3_1)
   0.64    2.06 v _620_/Y (sky130_fd_sc_hd__nand4_1)
   0.54    2.60 v _652_/X (sky130_fd_sc_hd__mux2_1)
   0.00    2.60 v debug.debug_reg_1[0]$_DFFE_PP0P_/D (sky130_fd_sc_hd__dfrtp_1)
           2.60   data arrival time

  10.00   10.00   clock wb_clk (rise edge)
   0.00   10.00   clock source latency
   0.00   10.00 ^ wb_clk_i (in)
   0.16   10.16 ^ clkbuf_0_wb_clk_i/X (sky130_fd_sc_hd__clkbuf_16)
   0.17   10.33 ^ clkbuf_3_0__f_wb_clk_i/X (sky130_fd_sc_hd__clkbuf_16)
   0.00   10.34 ^ debug.debug_reg_1[0]$_DFFE_PP0P_/CLK (sky130_fd_sc_hd__dfrtp_1)
   0.00   10.34   clock reconvergence pessimism
  -0.12   10.22   library setup time
          10.22   data required time
---------------------------------------------------------
          10.22   data required time
          -2.60   data arrival time
---------------------------------------------------------
           7.62   slack (MET)



==========================================================================
finish report_checks -path_delay min reg to reg
--------------------------------------------------------------------------
Startpoint: debug.debug_reg_1[1]$_DFFE_PP0P_
            (rising edge-triggered flip-flop clocked by wb_clk)
Endpoint: debug.debug_reg_1[1]$_DFFE_PP0P_
          (rising edge-triggered flip-flop clocked by wb_clk)
Path Group: wb_clk
Path Type: min

  Delay    Time   Description
---------------------------------------------------------
   0.00    0.00   clock wb_clk (rise edge)
   0.00    0.00   clock source latency
   0.00    0.00 ^ wb_clk_i (in)
   0.16    0.16 ^ clkbuf_0_wb_clk_i/X (sky130_fd_sc_hd__clkbuf_16)
   0.17    0.33 ^ clkbuf_3_0__f_wb_clk_i/X (sky130_fd_sc_hd__clkbuf_16)
   0.00    0.34 ^ debug.debug_reg_1[1]$_DFFE_PP0P_/CLK (sky130_fd_sc_hd__dfrtp_1)
   0.33    0.67 ^ debug.debug_reg_1[1]$_DFFE_PP0P_/Q (sky130_fd_sc_hd__dfrtp_1)
   0.12    0.79 ^ _641_/X (sky130_fd_sc_hd__mux2_1)
   0.00    0.79 ^ debug.debug_reg_1[1]$_DFFE_PP0P_/D (sky130_fd_sc_hd__dfrtp_1)
           0.79   data arrival time

   0.00    0.00   clock wb_clk (rise edge)
   0.00    0.00   clock source latency
   0.00    0.00 ^ wb_clk_i (in)
   0.16    0.16 ^ clkbuf_0_wb_clk_i/X (sky130_fd_sc_hd__clkbuf_16)
   0.17    0.33 ^ clkbuf_3_0__f_wb_clk_i/X (sky130_fd_sc_hd__clkbuf_16)
   0.00    0.34 ^ debug.debug_reg_1[1]$_DFFE_PP0P_/CLK (sky130_fd_sc_hd__dfrtp_1)
   0.00    0.34   clock reconvergence pessimism
  -0.03    0.31   library hold time
           0.31   data required time
---------------------------------------------------------
           0.31   data required time
          -0.79   data arrival time
---------------------------------------------------------
           0.49   slack (MET)



==========================================================================
finish critical path target clock latency max path
--------------------------------------------------------------------------
0

==========================================================================
finish critical path target clock latency min path
--------------------------------------------------------------------------
0

==========================================================================
finish critical path source clock latency min path
--------------------------------------------------------------------------
0

==========================================================================
finish critical path delay
--------------------------------------------------------------------------
2.6025

==========================================================================
finish critical path slack
--------------------------------------------------------------------------
7.6160

==========================================================================
finish slack div critical path delay
--------------------------------------------------------------------------
292.641691

==========================================================================
finish report_power
--------------------------------------------------------------------------
Group                  Internal  Switching    Leakage      Total
                          Power      Power      Power      Power (Watts)
----------------------------------------------------------------
Sequential             3.92e-04   1.53e-13   1.36e-09   3.92e-04  47.8%
Combinational          3.00e-05   2.09e-05   1.84e-09   5.09e-05   6.2%
Clock                  2.21e-04   1.56e-04   1.57e-10   3.77e-04  45.9%
Macro                  0.00e+00   0.00e+00   0.00e+00   0.00e+00   0.0%
Pad                    0.00e+00   0.00e+00   0.00e+00   0.00e+00   0.0%
----------------------------------------------------------------
Total                  6.43e-04   1.77e-04   3.36e-09   8.19e-04 100.0%
                          78.5%      21.5%       0.0%
