
==========================================================================
finish report_tns
--------------------------------------------------------------------------
tns max 0.00

==========================================================================
finish report_wns
--------------------------------------------------------------------------
wns max 0.00

==========================================================================
finish report_worst_slack
--------------------------------------------------------------------------
worst slack max 3.07

==========================================================================
finish report_clock_min_period
--------------------------------------------------------------------------
clk_div period_min = 2.13 fmax = 468.85

==========================================================================
finish report_clock_skew
--------------------------------------------------------------------------
Clock clk_div
   0.68 source latency odd_0.rst_pulse$_DFFE_PN0P_/CLK ^
  -0.79 target latency odd_0.initial_begin[1]$_DFFE_NN1P_/CLK ^
   0.00 CRPR
--------------
  -0.10 setup skew


==========================================================================
finish report_checks -path_delay min
--------------------------------------------------------------------------
Startpoint: syncNp[2]$_DFF_PN0_
            (rising edge-triggered flip-flop clocked by clk_div)
Endpoint: syncN[2]$_DFF_PN0_
          (rising edge-triggered flip-flop clocked by clk_div)
Path Group: clk_div
Path Type: min

Fanout     Cap    Slew   Delay    Time   Description
-----------------------------------------------------------------------------
                          0.00    0.00   clock clk_div (rise edge)
                          0.00    0.00   clock source latency
     2    0.02    0.00    0.00    0.00 ^ in (in)
                                         in (net)
                  0.00    0.00    0.00 ^ clkbuf_0_in/A (sky130_fd_sc_hd__clkbuf_8)
     1    0.01    0.03    0.10    0.10 ^ clkbuf_0_in/X (sky130_fd_sc_hd__clkbuf_8)
                                         clknet_0_in (net)
                  0.03    0.00    0.10 ^ clkbuf_1_0__f_in/A (sky130_fd_sc_hd__clkbuf_8)
     1    0.00    0.03    0.10    0.20 ^ clkbuf_1_0__f_in/X (sky130_fd_sc_hd__clkbuf_8)
                                         clknet_1_0__leaf_in (net)
                  0.03    0.00    0.20 ^ _143_/A1 (sky130_fd_sc_hd__a31o_1)
     2    0.01    0.12    0.18    0.38 ^ _143_/X (sky130_fd_sc_hd__a31o_1)
                                         net5 (net)
                  0.12    0.00    0.38 ^ clkbuf_regs_1_clk_div/A (sky130_fd_sc_hd__clkbuf_8)
     1    0.01    0.03    0.14    0.52 ^ clkbuf_regs_1_clk_div/X (sky130_fd_sc_hd__clkbuf_8)
                                         net5_regs (net)
                  0.03    0.00    0.52 ^ clkbuf_0_net5_regs/A (sky130_fd_sc_hd__clkbuf_8)
     2    0.01    0.04    0.12    0.63 ^ clkbuf_0_net5_regs/X (sky130_fd_sc_hd__clkbuf_8)
                                         clknet_0_net5_regs (net)
                  0.04    0.00    0.63 ^ clkbuf_1_0__f_net5_regs/A (sky130_fd_sc_hd__clkbuf_8)
     4    0.01    0.04    0.12    0.75 ^ clkbuf_1_0__f_net5_regs/X (sky130_fd_sc_hd__clkbuf_8)
                                         clknet_1_0__leaf_net5_regs (net)
                  0.04    0.00    0.75 ^ syncNp[2]$_DFF_PN0_/CLK (sky130_fd_sc_hd__dfrtp_1)
     1    0.00    0.04    0.31    1.06 ^ syncNp[2]$_DFF_PN0_/Q (sky130_fd_sc_hd__dfrtp_1)
                                         _042_ (net)
                  0.04    0.00    1.06 ^ syncN[2]$_DFF_PN0_/D (sky130_fd_sc_hd__dfrtp_1)
                                  1.06   data arrival time

                          0.00    0.00   clock clk_div (rise edge)
                          0.00    0.00   clock source latency
     2    0.02    0.00    0.00    0.00 ^ in (in)
                                         in (net)
                  0.00    0.00    0.00 ^ clkbuf_0_in/A (sky130_fd_sc_hd__clkbuf_8)
     1    0.01    0.03    0.10    0.10 ^ clkbuf_0_in/X (sky130_fd_sc_hd__clkbuf_8)
                                         clknet_0_in (net)
                  0.03    0.00    0.10 ^ clkbuf_1_0__f_in/A (sky130_fd_sc_hd__clkbuf_8)
     1    0.00    0.03    0.10    0.20 ^ clkbuf_1_0__f_in/X (sky130_fd_sc_hd__clkbuf_8)
                                         clknet_1_0__leaf_in (net)
                  0.03    0.00    0.20 ^ _143_/A1 (sky130_fd_sc_hd__a31o_1)
     2    0.01    0.12    0.18    0.38 ^ _143_/X (sky130_fd_sc_hd__a31o_1)
                                         net5 (net)
                  0.12    0.00    0.38 ^ clkbuf_regs_1_clk_div/A (sky130_fd_sc_hd__clkbuf_8)
     1    0.01    0.03    0.14    0.52 ^ clkbuf_regs_1_clk_div/X (sky130_fd_sc_hd__clkbuf_8)
                                         net5_regs (net)
                  0.03    0.00    0.52 ^ clkbuf_0_net5_regs/A (sky130_fd_sc_hd__clkbuf_8)
     2    0.01    0.04    0.12    0.63 ^ clkbuf_0_net5_regs/X (sky130_fd_sc_hd__clkbuf_8)
                                         clknet_0_net5_regs (net)
                  0.04    0.00    0.63 ^ clkbuf_1_0__f_net5_regs/A (sky130_fd_sc_hd__clkbuf_8)
     4    0.01    0.04    0.12    0.75 ^ clkbuf_1_0__f_net5_regs/X (sky130_fd_sc_hd__clkbuf_8)
                                         clknet_1_0__leaf_net5_regs (net)
                  0.04    0.00    0.75 ^ syncN[2]$_DFF_PN0_/CLK (sky130_fd_sc_hd__dfrtp_1)
                          0.00    0.75   clock reconvergence pessimism
                         -0.04    0.72   library hold time
                                  0.72   data required time
-----------------------------------------------------------------------------
                                  0.72   data required time
                                 -1.06   data arrival time
-----------------------------------------------------------------------------
                                  0.34   slack (MET)



==========================================================================
finish report_checks -path_delay max
--------------------------------------------------------------------------
Startpoint: syncN[0]$_DFF_PN0_
            (rising edge-triggered flip-flop clocked by clk_div)
Endpoint: odd_0.initial_begin[0]$_DFFE_NN0P_
          (falling edge-triggered flip-flop clocked by clk_div)
Path Group: clk_div
Path Type: max

Fanout     Cap    Slew   Delay    Time   Description
-----------------------------------------------------------------------------
                          0.00    0.00   clock clk_div (rise edge)
                          0.00    0.00   clock source latency
     2    0.02    0.00    0.00    0.00 ^ in (in)
                                         in (net)
                  0.00    0.00    0.00 ^ clkbuf_0_in/A (sky130_fd_sc_hd__clkbuf_8)
     1    0.01    0.03    0.10    0.10 ^ clkbuf_0_in/X (sky130_fd_sc_hd__clkbuf_8)
                                         clknet_0_in (net)
                  0.03    0.00    0.10 ^ clkbuf_1_0__f_in/A (sky130_fd_sc_hd__clkbuf_8)
     1    0.00    0.03    0.10    0.20 ^ clkbuf_1_0__f_in/X (sky130_fd_sc_hd__clkbuf_8)
                                         clknet_1_0__leaf_in (net)
                  0.03    0.00    0.20 ^ _143_/A1 (sky130_fd_sc_hd__a31o_1)
     2    0.01    0.12    0.18    0.38 ^ _143_/X (sky130_fd_sc_hd__a31o_1)
                                         net5 (net)
                  0.12    0.00    0.38 ^ clkbuf_regs_1_clk_div/A (sky130_fd_sc_hd__clkbuf_8)
     1    0.01    0.03    0.14    0.52 ^ clkbuf_regs_1_clk_div/X (sky130_fd_sc_hd__clkbuf_8)
                                         net5_regs (net)
                  0.03    0.00    0.52 ^ clkbuf_0_net5_regs/A (sky130_fd_sc_hd__clkbuf_8)
     2    0.01    0.04    0.12    0.63 ^ clkbuf_0_net5_regs/X (sky130_fd_sc_hd__clkbuf_8)
                                         clknet_0_net5_regs (net)
                  0.04    0.00    0.63 ^ clkbuf_1_1__f_net5_regs/A (sky130_fd_sc_hd__clkbuf_8)
     3    0.01    0.04    0.11    0.75 ^ clkbuf_1_1__f_net5_regs/X (sky130_fd_sc_hd__clkbuf_8)
                                         clknet_1_1__leaf_net5_regs (net)
                  0.04    0.00    0.75 ^ syncN[0]$_DFF_PN0_/CLK (sky130_fd_sc_hd__dfrtp_1)
    12    0.04    0.34    0.53    1.28 ^ syncN[0]$_DFF_PN0_/Q (sky130_fd_sc_hd__dfrtp_1)
                                         _037_ (net)
                  0.34    0.00    1.28 ^ _162_/A (sky130_fd_sc_hd__clkinv_1)
     5    0.02    0.20    0.26    1.54 v _162_/Y (sky130_fd_sc_hd__clkinv_1)
                                         _065_ (net)
                  0.20    0.00    1.54 v _161_/A (sky130_fd_sc_hd__nor4_1)
     5    0.02    0.74    0.71    2.26 ^ _161_/Y (sky130_fd_sc_hd__nor4_1)
                                         _064_ (net)
                  0.74    0.00    2.26 ^ _172_/B (sky130_fd_sc_hd__xnor2_1)
     1    0.00    0.11    0.19    2.45 ^ _172_/Y (sky130_fd_sc_hd__xnor2_1)
                                         _075_ (net)
                  0.11    0.00    2.45 ^ _173_/A1 (sky130_fd_sc_hd__mux2i_1)
     1    0.00    0.05    0.08    2.53 v _173_/Y (sky130_fd_sc_hd__mux2i_1)
                                         _076_ (net)
                  0.05    0.00    2.53 v odd_0.initial_begin[0]$_DFFE_NN0P_/D (sky130_fd_sc_hd__dfrtn_1)
                                  2.53   data arrival time

                          5.00    5.00   clock clk_div (fall edge)
                          0.00    5.00   clock source latency
     2    0.02    0.00    0.00    5.00 v in (in)
                                         in (net)
                  0.00    0.00    5.00 v delaybuf_0_clk_div/A (sky130_fd_sc_hd__clkbuf_8)
     1    0.01    0.03    0.11    5.11 v delaybuf_0_clk_div/X (sky130_fd_sc_hd__clkbuf_8)
                                         delaynet_0_clk_div (net)
                  0.03    0.00    5.11 v delaybuf_1_clk_div/A (sky130_fd_sc_hd__clkbuf_8)
     1    0.00    0.03    0.12    5.23 v delaybuf_1_clk_div/X (sky130_fd_sc_hd__clkbuf_8)
                                         delaynet_1_clk_div (net)
                  0.03    0.00    5.23 v delaybuf_2_clk_div/A (sky130_fd_sc_hd__clkbuf_8)
     1    0.01    0.03    0.12    5.35 v delaybuf_2_clk_div/X (sky130_fd_sc_hd__clkbuf_8)
                                         delaynet_2_clk_div (net)
                  0.03    0.00    5.35 v clkbuf_regs_0_clk_div/A (sky130_fd_sc_hd__clkbuf_8)
     1    0.00    0.03    0.12    5.47 v clkbuf_regs_0_clk_div/X (sky130_fd_sc_hd__clkbuf_8)
                                         in_regs (net)
                  0.03    0.00    5.47 v clkbuf_0_in_regs/A (sky130_fd_sc_hd__clkbuf_8)
     2    0.01    0.03    0.13    5.59 v clkbuf_0_in_regs/X (sky130_fd_sc_hd__clkbuf_8)
                                         clknet_0_in_regs (net)
                  0.03    0.00    5.59 v clkbuf_1_0__f_in_regs/A (sky130_fd_sc_hd__clkbuf_8)
    12    0.04    0.06    0.16    5.75 v clkbuf_1_0__f_in_regs/X (sky130_fd_sc_hd__clkbuf_8)
                                         clknet_1_0__leaf_in_regs (net)
                  0.06    0.00    5.75 v odd_0.initial_begin[0]$_DFFE_NN0P_/CLK_N (sky130_fd_sc_hd__dfrtn_1)
                          0.00    5.75   clock reconvergence pessimism
                         -0.15    5.60   library setup time
                                  5.60   data required time
-----------------------------------------------------------------------------
                                  5.60   data required time
                                 -2.53   data arrival time
-----------------------------------------------------------------------------
                                  3.07   slack (MET)



==========================================================================
finish report_checks -unconstrained
--------------------------------------------------------------------------
Startpoint: syncN[0]$_DFF_PN0_
            (rising edge-triggered flip-flop clocked by clk_div)
Endpoint: odd_0.initial_begin[0]$_DFFE_NN0P_
          (falling edge-triggered flip-flop clocked by clk_div)
Path Group: clk_div
Path Type: max

Fanout     Cap    Slew   Delay    Time   Description
-----------------------------------------------------------------------------
                          0.00    0.00   clock clk_div (rise edge)
                          0.00    0.00   clock source latency
     2    0.02    0.00    0.00    0.00 ^ in (in)
                                         in (net)
                  0.00    0.00    0.00 ^ clkbuf_0_in/A (sky130_fd_sc_hd__clkbuf_8)
     1    0.01    0.03    0.10    0.10 ^ clkbuf_0_in/X (sky130_fd_sc_hd__clkbuf_8)
                                         clknet_0_in (net)
                  0.03    0.00    0.10 ^ clkbuf_1_0__f_in/A (sky130_fd_sc_hd__clkbuf_8)
     1    0.00    0.03    0.10    0.20 ^ clkbuf_1_0__f_in/X (sky130_fd_sc_hd__clkbuf_8)
                                         clknet_1_0__leaf_in (net)
                  0.03    0.00    0.20 ^ _143_/A1 (sky130_fd_sc_hd__a31o_1)
     2    0.01    0.12    0.18    0.38 ^ _143_/X (sky130_fd_sc_hd__a31o_1)
                                         net5 (net)
                  0.12    0.00    0.38 ^ clkbuf_regs_1_clk_div/A (sky130_fd_sc_hd__clkbuf_8)
     1    0.01    0.03    0.14    0.52 ^ clkbuf_regs_1_clk_div/X (sky130_fd_sc_hd__clkbuf_8)
                                         net5_regs (net)
                  0.03    0.00    0.52 ^ clkbuf_0_net5_regs/A (sky130_fd_sc_hd__clkbuf_8)
     2    0.01    0.04    0.12    0.63 ^ clkbuf_0_net5_regs/X (sky130_fd_sc_hd__clkbuf_8)
                                         clknet_0_net5_regs (net)
                  0.04    0.00    0.63 ^ clkbuf_1_1__f_net5_regs/A (sky130_fd_sc_hd__clkbuf_8)
     3    0.01    0.04    0.11    0.75 ^ clkbuf_1_1__f_net5_regs/X (sky130_fd_sc_hd__clkbuf_8)
                                         clknet_1_1__leaf_net5_regs (net)
                  0.04    0.00    0.75 ^ syncN[0]$_DFF_PN0_/CLK (sky130_fd_sc_hd__dfrtp_1)
    12    0.04    0.34    0.53    1.28 ^ syncN[0]$_DFF_PN0_/Q (sky130_fd_sc_hd__dfrtp_1)
                                         _037_ (net)
                  0.34    0.00    1.28 ^ _162_/A (sky130_fd_sc_hd__clkinv_1)
     5    0.02    0.20    0.26    1.54 v _162_/Y (sky130_fd_sc_hd__clkinv_1)
                                         _065_ (net)
                  0.20    0.00    1.54 v _161_/A (sky130_fd_sc_hd__nor4_1)
     5    0.02    0.74    0.71    2.26 ^ _161_/Y (sky130_fd_sc_hd__nor4_1)
                                         _064_ (net)
                  0.74    0.00    2.26 ^ _172_/B (sky130_fd_sc_hd__xnor2_1)
     1    0.00    0.11    0.19    2.45 ^ _172_/Y (sky130_fd_sc_hd__xnor2_1)
                                         _075_ (net)
                  0.11    0.00    2.45 ^ _173_/A1 (sky130_fd_sc_hd__mux2i_1)
     1    0.00    0.05    0.08    2.53 v _173_/Y (sky130_fd_sc_hd__mux2i_1)
                                         _076_ (net)
                  0.05    0.00    2.53 v odd_0.initial_begin[0]$_DFFE_NN0P_/D (sky130_fd_sc_hd__dfrtn_1)
                                  2.53   data arrival time

                          5.00    5.00   clock clk_div (fall edge)
                          0.00    5.00   clock source latency
     2    0.02    0.00    0.00    5.00 v in (in)
                                         in (net)
                  0.00    0.00    5.00 v delaybuf_0_clk_div/A (sky130_fd_sc_hd__clkbuf_8)
     1    0.01    0.03    0.11    5.11 v delaybuf_0_clk_div/X (sky130_fd_sc_hd__clkbuf_8)
                                         delaynet_0_clk_div (net)
                  0.03    0.00    5.11 v delaybuf_1_clk_div/A (sky130_fd_sc_hd__clkbuf_8)
     1    0.00    0.03    0.12    5.23 v delaybuf_1_clk_div/X (sky130_fd_sc_hd__clkbuf_8)
                                         delaynet_1_clk_div (net)
                  0.03    0.00    5.23 v delaybuf_2_clk_div/A (sky130_fd_sc_hd__clkbuf_8)
     1    0.01    0.03    0.12    5.35 v delaybuf_2_clk_div/X (sky130_fd_sc_hd__clkbuf_8)
                                         delaynet_2_clk_div (net)
                  0.03    0.00    5.35 v clkbuf_regs_0_clk_div/A (sky130_fd_sc_hd__clkbuf_8)
     1    0.00    0.03    0.12    5.47 v clkbuf_regs_0_clk_div/X (sky130_fd_sc_hd__clkbuf_8)
                                         in_regs (net)
                  0.03    0.00    5.47 v clkbuf_0_in_regs/A (sky130_fd_sc_hd__clkbuf_8)
     2    0.01    0.03    0.13    5.59 v clkbuf_0_in_regs/X (sky130_fd_sc_hd__clkbuf_8)
                                         clknet_0_in_regs (net)
                  0.03    0.00    5.59 v clkbuf_1_0__f_in_regs/A (sky130_fd_sc_hd__clkbuf_8)
    12    0.04    0.06    0.16    5.75 v clkbuf_1_0__f_in_regs/X (sky130_fd_sc_hd__clkbuf_8)
                                         clknet_1_0__leaf_in_regs (net)
                  0.06    0.00    5.75 v odd_0.initial_begin[0]$_DFFE_NN0P_/CLK_N (sky130_fd_sc_hd__dfrtn_1)
                          0.00    5.75   clock reconvergence pessimism
                         -0.15    5.60   library setup time
                                  5.60   data required time
-----------------------------------------------------------------------------
                                  5.60   data required time
                                 -2.53   data arrival time
-----------------------------------------------------------------------------
                                  3.07   slack (MET)



==========================================================================
finish report_check_types -max_slew -max_cap -max_fanout -violators
--------------------------------------------------------------------------

==========================================================================
finish max_slew_check_slack
--------------------------------------------------------------------------
0.7460763454437256

==========================================================================
finish max_slew_check_limit
--------------------------------------------------------------------------
1.4862940311431885

==========================================================================
finish max_slew_check_slack_limit
--------------------------------------------------------------------------
0.5020

==========================================================================
finish max_fanout_check_slack
--------------------------------------------------------------------------
1.0000000150474662e+30

==========================================================================
finish max_fanout_check_limit
--------------------------------------------------------------------------
1.0000000150474662e+30

==========================================================================
finish max_capacitance_check_slack
--------------------------------------------------------------------------
0.019198868423700333

==========================================================================
finish max_capacitance_check_limit
--------------------------------------------------------------------------
0.03663099929690361

==========================================================================
finish max_capacitance_check_slack_limit
--------------------------------------------------------------------------
0.5241

==========================================================================
finish max_slew_violation_count
--------------------------------------------------------------------------
max slew violation count 0

==========================================================================
finish max_fanout_violation_count
--------------------------------------------------------------------------
max fanout violation count 0

==========================================================================
finish max_cap_violation_count
--------------------------------------------------------------------------
max cap violation count 0

==========================================================================
finish setup_violation_count
--------------------------------------------------------------------------
setup violation count 0

==========================================================================
finish hold_violation_count
--------------------------------------------------------------------------
hold violation count 0

==========================================================================
finish report_checks -path_delay max reg to reg
--------------------------------------------------------------------------
Startpoint: syncN[0]$_DFF_PN0_
            (rising edge-triggered flip-flop clocked by clk_div)
Endpoint: odd_0.initial_begin[0]$_DFFE_NN0P_
          (falling edge-triggered flip-flop clocked by clk_div)
Path Group: clk_div
Path Type: max

  Delay    Time   Description
---------------------------------------------------------
   0.00    0.00   clock clk_div (rise edge)
   0.00    0.00   clock source latency
   0.00    0.00 ^ in (in)
   0.10    0.10 ^ clkbuf_0_in/X (sky130_fd_sc_hd__clkbuf_8)
   0.10    0.20 ^ clkbuf_1_0__f_in/X (sky130_fd_sc_hd__clkbuf_8)
   0.18    0.38 ^ _143_/X (sky130_fd_sc_hd__a31o_1)
   0.14    0.52 ^ clkbuf_regs_1_clk_div/X (sky130_fd_sc_hd__clkbuf_8)
   0.12    0.63 ^ clkbuf_0_net5_regs/X (sky130_fd_sc_hd__clkbuf_8)
   0.11    0.75 ^ clkbuf_1_1__f_net5_regs/X (sky130_fd_sc_hd__clkbuf_8)
   0.00    0.75 ^ syncN[0]$_DFF_PN0_/CLK (sky130_fd_sc_hd__dfrtp_1)
   0.53    1.28 ^ syncN[0]$_DFF_PN0_/Q (sky130_fd_sc_hd__dfrtp_1)
   0.27    1.54 v _162_/Y (sky130_fd_sc_hd__clkinv_1)
   0.72    2.26 ^ _161_/Y (sky130_fd_sc_hd__nor4_1)
   0.19    2.45 ^ _172_/Y (sky130_fd_sc_hd__xnor2_1)
   0.08    2.53 v _173_/Y (sky130_fd_sc_hd__mux2i_1)
   0.00    2.53 v odd_0.initial_begin[0]$_DFFE_NN0P_/D (sky130_fd_sc_hd__dfrtn_1)
           2.53   data arrival time

   5.00    5.00   clock clk_div (fall edge)
   0.00    5.00   clock source latency
   0.00    5.00 v in (in)
   0.11    5.11 v delaybuf_0_clk_div/X (sky130_fd_sc_hd__clkbuf_8)
   0.12    5.23 v delaybuf_1_clk_div/X (sky130_fd_sc_hd__clkbuf_8)
   0.12    5.35 v delaybuf_2_clk_div/X (sky130_fd_sc_hd__clkbuf_8)
   0.12    5.47 v clkbuf_regs_0_clk_div/X (sky130_fd_sc_hd__clkbuf_8)
   0.13    5.59 v clkbuf_0_in_regs/X (sky130_fd_sc_hd__clkbuf_8)
   0.16    5.75 v clkbuf_1_0__f_in_regs/X (sky130_fd_sc_hd__clkbuf_8)
   0.00    5.75 v odd_0.initial_begin[0]$_DFFE_NN0P_/CLK_N (sky130_fd_sc_hd__dfrtn_1)
   0.00    5.75   clock reconvergence pessimism
  -0.15    5.60   library setup time
           5.60   data required time
---------------------------------------------------------
           5.60   data required time
          -2.53   data arrival time
---------------------------------------------------------
           3.07   slack (MET)



==========================================================================
finish report_checks -path_delay min reg to reg
--------------------------------------------------------------------------
Startpoint: syncNp[2]$_DFF_PN0_
            (rising edge-triggered flip-flop clocked by clk_div)
Endpoint: syncN[2]$_DFF_PN0_
          (rising edge-triggered flip-flop clocked by clk_div)
Path Group: clk_div
Path Type: min

  Delay    Time   Description
---------------------------------------------------------
   0.00    0.00   clock clk_div (rise edge)
   0.00    0.00   clock source latency
   0.00    0.00 ^ in (in)
   0.10    0.10 ^ clkbuf_0_in/X (sky130_fd_sc_hd__clkbuf_8)
   0.10    0.20 ^ clkbuf_1_0__f_in/X (sky130_fd_sc_hd__clkbuf_8)
   0.18    0.38 ^ _143_/X (sky130_fd_sc_hd__a31o_1)
   0.14    0.52 ^ clkbuf_regs_1_clk_div/X (sky130_fd_sc_hd__clkbuf_8)
   0.12    0.63 ^ clkbuf_0_net5_regs/X (sky130_fd_sc_hd__clkbuf_8)
   0.12    0.75 ^ clkbuf_1_0__f_net5_regs/X (sky130_fd_sc_hd__clkbuf_8)
   0.00    0.75 ^ syncNp[2]$_DFF_PN0_/CLK (sky130_fd_sc_hd__dfrtp_1)
   0.31    1.06 ^ syncNp[2]$_DFF_PN0_/Q (sky130_fd_sc_hd__dfrtp_1)
   0.00    1.06 ^ syncN[2]$_DFF_PN0_/D (sky130_fd_sc_hd__dfrtp_1)
           1.06   data arrival time

   0.00    0.00   clock clk_div (rise edge)
   0.00    0.00   clock source latency
   0.00    0.00 ^ in (in)
   0.10    0.10 ^ clkbuf_0_in/X (sky130_fd_sc_hd__clkbuf_8)
   0.10    0.20 ^ clkbuf_1_0__f_in/X (sky130_fd_sc_hd__clkbuf_8)
   0.18    0.38 ^ _143_/X (sky130_fd_sc_hd__a31o_1)
   0.14    0.52 ^ clkbuf_regs_1_clk_div/X (sky130_fd_sc_hd__clkbuf_8)
   0.12    0.63 ^ clkbuf_0_net5_regs/X (sky130_fd_sc_hd__clkbuf_8)
   0.12    0.75 ^ clkbuf_1_0__f_net5_regs/X (sky130_fd_sc_hd__clkbuf_8)
   0.00    0.75 ^ syncN[2]$_DFF_PN0_/CLK (sky130_fd_sc_hd__dfrtp_1)
   0.00    0.75   clock reconvergence pessimism
  -0.04    0.72   library hold time
           0.72   data required time
---------------------------------------------------------
           0.72   data required time
          -1.06   data arrival time
---------------------------------------------------------
           0.34   slack (MET)



==========================================================================
finish critical path target clock latency max path
--------------------------------------------------------------------------
0

==========================================================================
finish critical path target clock latency min path
--------------------------------------------------------------------------
0

==========================================================================
finish critical path source clock latency min path
--------------------------------------------------------------------------
0

==========================================================================
finish critical path delay
--------------------------------------------------------------------------
2.5296

==========================================================================
finish critical path slack
--------------------------------------------------------------------------
3.0688

==========================================================================
finish slack div critical path delay
--------------------------------------------------------------------------
121.315623

==========================================================================
finish report_power
--------------------------------------------------------------------------
Group                  Internal  Switching    Leakage      Total
                          Power      Power      Power      Power (Watts)
----------------------------------------------------------------
Sequential             1.22e-04   1.45e-05   2.70e-10   1.36e-04  34.3%
Combinational          2.60e-05   3.07e-05   2.62e-10   5.67e-05  14.3%
Clock                  1.42e-04   6.24e-05   1.24e-10   2.04e-04  51.4%
Macro                  0.00e+00   0.00e+00   0.00e+00   0.00e+00   0.0%
Pad                    0.00e+00   0.00e+00   0.00e+00   0.00e+00   0.0%
----------------------------------------------------------------
Total                  2.89e-04   1.08e-04   6.57e-10   3.97e-04 100.0%
                          72.9%      27.1%       0.0%
