
==========================================================================
floorplan final report_tns
--------------------------------------------------------------------------
tns max -78.57

==========================================================================
floorplan final report_wns
--------------------------------------------------------------------------
wns max -2.04

==========================================================================
floorplan final report_worst_slack
--------------------------------------------------------------------------
worst slack max -2.04

==========================================================================
floorplan final report_clock_min_period
--------------------------------------------------------------------------
core_clock period_min = 3.14 fmax = 318.54

==========================================================================
floorplan final report_checks -path_delay min
--------------------------------------------------------------------------
Startpoint: reset (input port clocked by core_clock)
Endpoint: ctrl.state.out[1]$_DFF_P_
          (rising edge-triggered flip-flop clocked by core_clock)
Path Group: core_clock
Path Type: min

Fanout     Cap    Slew   Delay    Time   Description
-----------------------------------------------------------------------------
                  0.00    0.00    0.00   clock core_clock (rise edge)
                          0.00    0.00   clock network delay (ideal)
                          0.22    0.22 ^ input external delay
     3    0.01    0.00    0.00    0.22 ^ reset (in)
                                         reset (net)
                  0.00    0.00    0.22 ^ _172_/B1 (sky130_fd_sc_hd__a21oi_1)
     1    0.00    0.02    0.02    0.24 v _172_/Y (sky130_fd_sc_hd__a21oi_1)
                                         _001_ (net)
                  0.02    0.00    0.24 v ctrl.state.out[1]$_DFF_P_/D (sky130_fd_sc_hd__dfxtp_1)
                                  0.24   data arrival time

                  0.00    0.00    0.00   clock core_clock (rise edge)
                          0.00    0.00   clock network delay (ideal)
                          0.00    0.00   clock reconvergence pessimism
                                  0.00 ^ ctrl.state.out[1]$_DFF_P_/CLK (sky130_fd_sc_hd__dfxtp_1)
                         -0.05   -0.05   library hold time
                                 -0.05   data required time
-----------------------------------------------------------------------------
                                 -0.05   data required time
                                 -0.24   data arrival time
-----------------------------------------------------------------------------
                                  0.29   slack (MET)



==========================================================================
floorplan final report_checks -path_delay max
--------------------------------------------------------------------------
Startpoint: dpath.b_reg.out[0]$_DFFE_PP_
            (rising edge-triggered flip-flop clocked by core_clock)
Endpoint: dpath.b_reg.out[0]$_DFFE_PP_
          (rising edge-triggered flip-flop clocked by core_clock)
Path Group: core_clock
Path Type: max

Fanout     Cap    Slew   Delay    Time   Description
-----------------------------------------------------------------------------
                  0.00    0.00    0.00   clock core_clock (rise edge)
                          0.00    0.00   clock network delay (ideal)
                  0.00    0.00    0.00 ^ dpath.b_reg.out[0]$_DFFE_PP_/CLK (sky130_fd_sc_hd__edfxtp_1)
     5    0.01    0.12    0.41    0.41 v dpath.b_reg.out[0]$_DFFE_PP_/Q (sky130_fd_sc_hd__edfxtp_1)
                                         dpath.a_lt_b$in1[0] (net)
                  0.12    0.00    0.41 v _174_/B_N (sky130_fd_sc_hd__nor2b_4)
     2    0.01    0.04    0.16    0.56 v _174_/Y (sky130_fd_sc_hd__nor2b_4)
                                         _015_ (net)
                  0.04    0.00    0.56 v _178_/B (sky130_fd_sc_hd__maj3_2)
     2    0.01    0.07    0.31    0.87 v _178_/X (sky130_fd_sc_hd__maj3_2)
                                         _018_ (net)
                  0.07    0.00    0.87 v _185_/B (sky130_fd_sc_hd__maj3_4)
     2    0.01    0.08    0.35    1.22 v _185_/X (sky130_fd_sc_hd__maj3_4)
                                         _024_ (net)
                  0.08    0.00    1.22 v _187_/A1 (sky130_fd_sc_hd__a21oi_4)
     4    0.02    0.19    0.19    1.42 ^ _187_/Y (sky130_fd_sc_hd__a21oi_4)
                                         _025_ (net)
                  0.19    0.00    1.42 ^ _207_/A2 (sky130_fd_sc_hd__a21oi_4)
     3    0.01    0.12    0.09    1.51 v _207_/Y (sky130_fd_sc_hd__a21oi_4)
                                         _042_ (net)
                  0.12    0.00    1.51 v _254_/D1 (sky130_fd_sc_hd__a2111oi_4)
     2    0.01    0.37    0.30    1.81 ^ _254_/Y (sky130_fd_sc_hd__a2111oi_4)
                                         _082_ (net)
                  0.37    0.00    1.81 ^ _260_/D1 (sky130_fd_sc_hd__a2111oi_4)
     2    0.01    0.10    0.07    1.89 v _260_/Y (sky130_fd_sc_hd__a2111oi_4)
                                         _088_ (net)
                  0.10    0.00    1.89 v _271_/C1 (sky130_fd_sc_hd__a2111oi_4)
     3    0.01    0.36    0.37    2.25 ^ _271_/Y (sky130_fd_sc_hd__a2111oi_4)
                                         _098_ (net)
                  0.36    0.00    2.25 ^ _274_/A2 (sky130_fd_sc_hd__o31ai_4)
    10    0.04    0.13    0.18    2.43 v _274_/Y (sky130_fd_sc_hd__o31ai_4)
                                         _100_ (net)
                  0.13    0.00    2.43 v _275_/A (sky130_fd_sc_hd__buf_6)
    10    0.04    0.05    0.18    2.62 v _275_/X (sky130_fd_sc_hd__buf_6)
                                         _101_ (net)
                  0.05    0.00    2.62 v _277_/A1 (sky130_fd_sc_hd__a21o_4)
    16    0.05    0.09    0.26    2.88 v _277_/X (sky130_fd_sc_hd__a21o_4)
                                         ctrl$b_reg_en[0] (net)
                  0.09    0.00    2.88 v dpath.b_reg.out[0]$_DFFE_PP_/DE (sky130_fd_sc_hd__edfxtp_1)
                                  2.88   data arrival time

                  0.00    1.10    1.10   clock core_clock (rise edge)
                          0.00    1.10   clock network delay (ideal)
                          0.00    1.10   clock reconvergence pessimism
                                  1.10 ^ dpath.b_reg.out[0]$_DFFE_PP_/CLK (sky130_fd_sc_hd__edfxtp_1)
                         -0.26    0.84   library setup time
                                  0.84   data required time
-----------------------------------------------------------------------------
                                  0.84   data required time
                                 -2.88   data arrival time
-----------------------------------------------------------------------------
                                 -2.04   slack (VIOLATED)



==========================================================================
floorplan final report_checks -unconstrained
--------------------------------------------------------------------------
Startpoint: dpath.b_reg.out[0]$_DFFE_PP_
            (rising edge-triggered flip-flop clocked by core_clock)
Endpoint: dpath.b_reg.out[0]$_DFFE_PP_
          (rising edge-triggered flip-flop clocked by core_clock)
Path Group: core_clock
Path Type: max

Fanout     Cap    Slew   Delay    Time   Description
-----------------------------------------------------------------------------
                  0.00    0.00    0.00   clock core_clock (rise edge)
                          0.00    0.00   clock network delay (ideal)
                  0.00    0.00    0.00 ^ dpath.b_reg.out[0]$_DFFE_PP_/CLK (sky130_fd_sc_hd__edfxtp_1)
     5    0.01    0.12    0.41    0.41 v dpath.b_reg.out[0]$_DFFE_PP_/Q (sky130_fd_sc_hd__edfxtp_1)
                                         dpath.a_lt_b$in1[0] (net)
                  0.12    0.00    0.41 v _174_/B_N (sky130_fd_sc_hd__nor2b_4)
     2    0.01    0.04    0.16    0.56 v _174_/Y (sky130_fd_sc_hd__nor2b_4)
                                         _015_ (net)
                  0.04    0.00    0.56 v _178_/B (sky130_fd_sc_hd__maj3_2)
     2    0.01    0.07    0.31    0.87 v _178_/X (sky130_fd_sc_hd__maj3_2)
                                         _018_ (net)
                  0.07    0.00    0.87 v _185_/B (sky130_fd_sc_hd__maj3_4)
     2    0.01    0.08    0.35    1.22 v _185_/X (sky130_fd_sc_hd__maj3_4)
                                         _024_ (net)
                  0.08    0.00    1.22 v _187_/A1 (sky130_fd_sc_hd__a21oi_4)
     4    0.02    0.19    0.19    1.42 ^ _187_/Y (sky130_fd_sc_hd__a21oi_4)
                                         _025_ (net)
                  0.19    0.00    1.42 ^ _207_/A2 (sky130_fd_sc_hd__a21oi_4)
     3    0.01    0.12    0.09    1.51 v _207_/Y (sky130_fd_sc_hd__a21oi_4)
                                         _042_ (net)
                  0.12    0.00    1.51 v _254_/D1 (sky130_fd_sc_hd__a2111oi_4)
     2    0.01    0.37    0.30    1.81 ^ _254_/Y (sky130_fd_sc_hd__a2111oi_4)
                                         _082_ (net)
                  0.37    0.00    1.81 ^ _260_/D1 (sky130_fd_sc_hd__a2111oi_4)
     2    0.01    0.10    0.07    1.89 v _260_/Y (sky130_fd_sc_hd__a2111oi_4)
                                         _088_ (net)
                  0.10    0.00    1.89 v _271_/C1 (sky130_fd_sc_hd__a2111oi_4)
     3    0.01    0.36    0.37    2.25 ^ _271_/Y (sky130_fd_sc_hd__a2111oi_4)
                                         _098_ (net)
                  0.36    0.00    2.25 ^ _274_/A2 (sky130_fd_sc_hd__o31ai_4)
    10    0.04    0.13    0.18    2.43 v _274_/Y (sky130_fd_sc_hd__o31ai_4)
                                         _100_ (net)
                  0.13    0.00    2.43 v _275_/A (sky130_fd_sc_hd__buf_6)
    10    0.04    0.05    0.18    2.62 v _275_/X (sky130_fd_sc_hd__buf_6)
                                         _101_ (net)
                  0.05    0.00    2.62 v _277_/A1 (sky130_fd_sc_hd__a21o_4)
    16    0.05    0.09    0.26    2.88 v _277_/X (sky130_fd_sc_hd__a21o_4)
                                         ctrl$b_reg_en[0] (net)
                  0.09    0.00    2.88 v dpath.b_reg.out[0]$_DFFE_PP_/DE (sky130_fd_sc_hd__edfxtp_1)
                                  2.88   data arrival time

                  0.00    1.10    1.10   clock core_clock (rise edge)
                          0.00    1.10   clock network delay (ideal)
                          0.00    1.10   clock reconvergence pessimism
                                  1.10 ^ dpath.b_reg.out[0]$_DFFE_PP_/CLK (sky130_fd_sc_hd__edfxtp_1)
                         -0.26    0.84   library setup time
                                  0.84   data required time
-----------------------------------------------------------------------------
                                  0.84   data required time
                                 -2.88   data arrival time
-----------------------------------------------------------------------------
                                 -2.04   slack (VIOLATED)



==========================================================================
floorplan final report_power
--------------------------------------------------------------------------
Group                  Internal  Switching    Leakage      Total
                          Power      Power      Power      Power (Watts)
----------------------------------------------------------------
Sequential             1.68e-03   1.35e-04   3.52e-10   1.82e-03  59.0%
Combinational          7.02e-04   5.58e-04   5.51e-10   1.26e-03  41.0%
Clock                  0.00e+00   0.00e+00   0.00e+00   0.00e+00   0.0%
Macro                  0.00e+00   0.00e+00   0.00e+00   0.00e+00   0.0%
Pad                    0.00e+00   0.00e+00   0.00e+00   0.00e+00   0.0%
----------------------------------------------------------------
Total                  2.38e-03   6.93e-04   9.03e-10   3.08e-03 100.0%
                          77.5%      22.5%       0.0%
