
==========================================================================
global place report_tns
--------------------------------------------------------------------------
tns max -92.21

==========================================================================
global place report_wns
--------------------------------------------------------------------------
wns max -2.20

==========================================================================
global place report_worst_slack
--------------------------------------------------------------------------
worst slack max -2.20

==========================================================================
global place report_clock_min_period
--------------------------------------------------------------------------
core_clock period_min = 3.30 fmax = 302.95

==========================================================================
global place report_checks -path_delay min
--------------------------------------------------------------------------
Startpoint: ctrl.state.out[1]$_DFF_P_
            (rising edge-triggered flip-flop clocked by core_clock)
Endpoint: ctrl.state.out[1]$_DFF_P_
          (rising edge-triggered flip-flop clocked by core_clock)
Path Group: core_clock
Path Type: min

Fanout     Cap    Slew   Delay    Time   Description
-----------------------------------------------------------------------------
                  0.00    0.00    0.00   clock core_clock (rise edge)
                          0.00    0.00   clock network delay (ideal)
                  0.00    0.00    0.00 ^ ctrl.state.out[1]$_DFF_P_/CLK (sky130_fd_sc_hd__dfxtp_1)
     2    0.00    0.04    0.28    0.28 v ctrl.state.out[1]$_DFF_P_/Q (sky130_fd_sc_hd__dfxtp_1)
                                         ctrl.state.out[1] (net)
                  0.04    0.00    0.28 v _170_/B1 (sky130_fd_sc_hd__o21ai_0)
     1    0.00    0.06    0.06    0.34 ^ _170_/Y (sky130_fd_sc_hd__o21ai_0)
                                         _013_ (net)
                  0.06    0.00    0.34 ^ _172_/A1 (sky130_fd_sc_hd__a21oi_1)
     1    0.00    0.02    0.06    0.40 v _172_/Y (sky130_fd_sc_hd__a21oi_1)
                                         _001_ (net)
                  0.02    0.00    0.40 v ctrl.state.out[1]$_DFF_P_/D (sky130_fd_sc_hd__dfxtp_1)
                                  0.40   data arrival time

                  0.00    0.00    0.00   clock core_clock (rise edge)
                          0.00    0.00   clock network delay (ideal)
                          0.00    0.00   clock reconvergence pessimism
                                  0.00 ^ ctrl.state.out[1]$_DFF_P_/CLK (sky130_fd_sc_hd__dfxtp_1)
                         -0.05   -0.05   library hold time
                                 -0.05   data required time
-----------------------------------------------------------------------------
                                 -0.05   data required time
                                 -0.40   data arrival time
-----------------------------------------------------------------------------
                                  0.45   slack (MET)



==========================================================================
global place report_checks -path_delay max
--------------------------------------------------------------------------
Startpoint: dpath.b_reg.out[6]$_DFFE_PP_
            (rising edge-triggered flip-flop clocked by core_clock)
Endpoint: resp_msg[13] (output port clocked by core_clock)
Path Group: core_clock
Path Type: max

Fanout     Cap    Slew   Delay    Time   Description
-----------------------------------------------------------------------------
                  0.00    0.00    0.00   clock core_clock (rise edge)
                          0.00    0.00   clock network delay (ideal)
                  0.00    0.00    0.00 ^ dpath.b_reg.out[6]$_DFFE_PP_/CLK (sky130_fd_sc_hd__edfxtp_1)
     2    0.01    0.10    0.39    0.39 v dpath.b_reg.out[6]$_DFFE_PP_/Q (sky130_fd_sc_hd__edfxtp_1)
                                         dpath.a_lt_b$in1[6] (net)
                  0.10    0.00    0.39 v _199_/A (sky130_fd_sc_hd__xnor2_1)
     2    0.01    0.20    0.23    0.62 ^ _199_/Y (sky130_fd_sc_hd__xnor2_1)
                                         _035_ (net)
                  0.20    0.00    0.62 ^ _202_/C (sky130_fd_sc_hd__nand3_1)
     2    0.01    0.08    0.12    0.74 v _202_/Y (sky130_fd_sc_hd__nand3_1)
                                         _037_ (net)
                  0.08    0.00    0.74 v _206_/A3 (sky130_fd_sc_hd__o311ai_0)
     1    0.01    0.73    0.63    1.37 ^ _206_/Y (sky130_fd_sc_hd__o311ai_0)
                                         _041_ (net)
                  0.73    0.00    1.37 ^ _207_/B1 (sky130_fd_sc_hd__a21oi_4)
     3    0.02    0.14    0.08    1.46 v _207_/Y (sky130_fd_sc_hd__a21oi_4)
                                         _042_ (net)
                  0.14    0.00    1.46 v _212_/A1 (sky130_fd_sc_hd__a21oi_1)
     2    0.01    0.21    0.23    1.69 ^ _212_/Y (sky130_fd_sc_hd__a21oi_1)
                                         _046_ (net)
                  0.21    0.00    1.69 ^ _243_/A1 (sky130_fd_sc_hd__a211oi_1)
     2    0.01    0.10    0.14    1.83 v _243_/Y (sky130_fd_sc_hd__a211oi_1)
                                         _073_ (net)
                  0.10    0.00    1.83 v _247_/C (sky130_fd_sc_hd__maj3_1)
     1    0.01    0.08    0.39    2.22 v _247_/X (sky130_fd_sc_hd__maj3_1)
                                         _076_ (net)
                  0.08    0.00    2.22 v _248_/B (sky130_fd_sc_hd__xnor2_1)
     2    0.01    0.21    0.22    2.44 ^ _248_/Y (sky130_fd_sc_hd__xnor2_1)
                                         _077_ (net)
                  0.21    0.00    2.44 ^ _249_/B (sky130_fd_sc_hd__xnor2_1)
     1    0.00    0.15    0.16    2.59 ^ _249_/Y (sky130_fd_sc_hd__xnor2_1)
                                         net41 (net)
                  0.15    0.00    2.59 ^ output41/A (sky130_fd_sc_hd__clkdlybuf4s50_1)
     1    0.00    0.03    0.49    3.08 ^ output41/X (sky130_fd_sc_hd__clkdlybuf4s50_1)
                                         resp_msg[13] (net)
                  0.03    0.00    3.08 ^ resp_msg[13] (out)
                                  3.08   data arrival time

                  0.00    1.10    1.10   clock core_clock (rise edge)
                          0.00    1.10   clock network delay (ideal)
                          0.00    1.10   clock reconvergence pessimism
                         -0.22    0.88   output external delay
                                  0.88   data required time
-----------------------------------------------------------------------------
                                  0.88   data required time
                                 -3.08   data arrival time
-----------------------------------------------------------------------------
                                 -2.20   slack (VIOLATED)



==========================================================================
global place report_checks -unconstrained
--------------------------------------------------------------------------
Startpoint: dpath.b_reg.out[6]$_DFFE_PP_
            (rising edge-triggered flip-flop clocked by core_clock)
Endpoint: resp_msg[13] (output port clocked by core_clock)
Path Group: core_clock
Path Type: max

Fanout     Cap    Slew   Delay    Time   Description
-----------------------------------------------------------------------------
                  0.00    0.00    0.00   clock core_clock (rise edge)
                          0.00    0.00   clock network delay (ideal)
                  0.00    0.00    0.00 ^ dpath.b_reg.out[6]$_DFFE_PP_/CLK (sky130_fd_sc_hd__edfxtp_1)
     2    0.01    0.10    0.39    0.39 v dpath.b_reg.out[6]$_DFFE_PP_/Q (sky130_fd_sc_hd__edfxtp_1)
                                         dpath.a_lt_b$in1[6] (net)
                  0.10    0.00    0.39 v _199_/A (sky130_fd_sc_hd__xnor2_1)
     2    0.01    0.20    0.23    0.62 ^ _199_/Y (sky130_fd_sc_hd__xnor2_1)
                                         _035_ (net)
                  0.20    0.00    0.62 ^ _202_/C (sky130_fd_sc_hd__nand3_1)
     2    0.01    0.08    0.12    0.74 v _202_/Y (sky130_fd_sc_hd__nand3_1)
                                         _037_ (net)
                  0.08    0.00    0.74 v _206_/A3 (sky130_fd_sc_hd__o311ai_0)
     1    0.01    0.73    0.63    1.37 ^ _206_/Y (sky130_fd_sc_hd__o311ai_0)
                                         _041_ (net)
                  0.73    0.00    1.37 ^ _207_/B1 (sky130_fd_sc_hd__a21oi_4)
     3    0.02    0.14    0.08    1.46 v _207_/Y (sky130_fd_sc_hd__a21oi_4)
                                         _042_ (net)
                  0.14    0.00    1.46 v _212_/A1 (sky130_fd_sc_hd__a21oi_1)
     2    0.01    0.21    0.23    1.69 ^ _212_/Y (sky130_fd_sc_hd__a21oi_1)
                                         _046_ (net)
                  0.21    0.00    1.69 ^ _243_/A1 (sky130_fd_sc_hd__a211oi_1)
     2    0.01    0.10    0.14    1.83 v _243_/Y (sky130_fd_sc_hd__a211oi_1)
                                         _073_ (net)
                  0.10    0.00    1.83 v _247_/C (sky130_fd_sc_hd__maj3_1)
     1    0.01    0.08    0.39    2.22 v _247_/X (sky130_fd_sc_hd__maj3_1)
                                         _076_ (net)
                  0.08    0.00    2.22 v _248_/B (sky130_fd_sc_hd__xnor2_1)
     2    0.01    0.21    0.22    2.44 ^ _248_/Y (sky130_fd_sc_hd__xnor2_1)
                                         _077_ (net)
                  0.21    0.00    2.44 ^ _249_/B (sky130_fd_sc_hd__xnor2_1)
     1    0.00    0.15    0.16    2.59 ^ _249_/Y (sky130_fd_sc_hd__xnor2_1)
                                         net41 (net)
                  0.15    0.00    2.59 ^ output41/A (sky130_fd_sc_hd__clkdlybuf4s50_1)
     1    0.00    0.03    0.49    3.08 ^ output41/X (sky130_fd_sc_hd__clkdlybuf4s50_1)
                                         resp_msg[13] (net)
                  0.03    0.00    3.08 ^ resp_msg[13] (out)
                                  3.08   data arrival time

                  0.00    1.10    1.10   clock core_clock (rise edge)
                          0.00    1.10   clock network delay (ideal)
                          0.00    1.10   clock reconvergence pessimism
                         -0.22    0.88   output external delay
                                  0.88   data required time
-----------------------------------------------------------------------------
                                  0.88   data required time
                                 -3.08   data arrival time
-----------------------------------------------------------------------------
                                 -2.20   slack (VIOLATED)



==========================================================================
global place report_power
--------------------------------------------------------------------------
Group                  Internal  Switching    Leakage      Total
                          Power      Power      Power      Power (Watts)
----------------------------------------------------------------
Sequential             1.68e-03   1.06e-04   3.52e-10   1.79e-03  38.7%
Combinational          1.75e-03   1.08e-03   1.11e-09   2.83e-03  61.3%
Clock                  0.00e+00   0.00e+00   0.00e+00   0.00e+00   0.0%
Macro                  0.00e+00   0.00e+00   0.00e+00   0.00e+00   0.0%
Pad                    0.00e+00   0.00e+00   0.00e+00   0.00e+00   0.0%
----------------------------------------------------------------
Total                  3.43e-03   1.18e-03   1.47e-09   4.61e-03 100.0%
                          74.4%      25.6%       0.0%
