
==========================================================================
global route report_tns
--------------------------------------------------------------------------
tns max -97.70

==========================================================================
global route report_wns
--------------------------------------------------------------------------
wns max -2.31

==========================================================================
global route report_worst_slack
--------------------------------------------------------------------------
worst slack max -2.31

==========================================================================
global route report_clock_min_period
--------------------------------------------------------------------------
core_clock period_min = 3.41 fmax = 293.08

==========================================================================
global route report_clock_skew
--------------------------------------------------------------------------
Clock core_clock
   0.29 source latency ctrl.state.out[2]$_DFF_P_/CLK ^
  -0.30 target latency dpath.b_reg.out[12]$_DFFE_PP_/CLK ^
   0.00 CRPR
--------------
  -0.01 setup skew


==========================================================================
global route report_checks -path_delay min
--------------------------------------------------------------------------
Startpoint: reset (input port clocked by core_clock)
Endpoint: ctrl.state.out[0]$_DFF_P_
          (rising edge-triggered flip-flop clocked by core_clock)
Path Group: core_clock
Path Type: min

Fanout     Cap    Slew   Delay    Time   Description
-----------------------------------------------------------------------------
                          0.00    0.00   clock core_clock (rise edge)
                          0.00    0.00   clock network delay (propagated)
                          0.22    0.22 ^ input external delay
     1    0.00    0.00    0.00    0.22 ^ reset (in)
                                         reset (net)
                  0.00    0.00    0.22 ^ input34/A (sky130_fd_sc_hd__clkdlybuf4s50_1)
     2    0.01    0.09    0.49    0.71 ^ input34/X (sky130_fd_sc_hd__clkdlybuf4s50_1)
                                         net34 (net)
                  0.09    0.00    0.71 ^ _168_/C1 (sky130_fd_sc_hd__a221o_1)
     1    0.00    0.04    0.11    0.82 ^ _168_/X (sky130_fd_sc_hd__a221o_1)
                                         _000_ (net)
                  0.04    0.00    0.82 ^ ctrl.state.out[0]$_DFF_P_/D (sky130_fd_sc_hd__dfxtp_2)
                                  0.82   data arrival time

                          0.00    0.00   clock core_clock (rise edge)
                          0.00    0.00   clock source latency
     1    0.02    0.00    0.00    0.00 ^ clk (in)
                                         clk (net)
                  0.00    0.00    0.00 ^ clkbuf_0_clk/A (sky130_fd_sc_hd__clkbuf_8)
     4    0.03    0.07    0.13    0.13 ^ clkbuf_0_clk/X (sky130_fd_sc_hd__clkbuf_8)
                                         clknet_0_clk (net)
                  0.07    0.00    0.13 ^ clkbuf_2_0__f_clk/A (sky130_fd_sc_hd__clkbuf_8)
    10    0.03    0.07    0.16    0.29 ^ clkbuf_2_0__f_clk/X (sky130_fd_sc_hd__clkbuf_8)
                                         clknet_2_0__leaf_clk (net)
                  0.07    0.00    0.29 ^ ctrl.state.out[0]$_DFF_P_/CLK (sky130_fd_sc_hd__dfxtp_2)
                          0.00    0.29   clock reconvergence pessimism
                         -0.03    0.27   library hold time
                                  0.27   data required time
-----------------------------------------------------------------------------
                                  0.27   data required time
                                 -0.82   data arrival time
-----------------------------------------------------------------------------
                                  0.56   slack (MET)



==========================================================================
global route report_checks -path_delay max
--------------------------------------------------------------------------
Startpoint: dpath.b_reg.out[0]$_DFFE_PP_
            (rising edge-triggered flip-flop clocked by core_clock)
Endpoint: dpath.a_reg.out[3]$_DFFE_PP_
          (rising edge-triggered flip-flop clocked by core_clock)
Path Group: core_clock
Path Type: max

Fanout     Cap    Slew   Delay    Time   Description
-----------------------------------------------------------------------------
                          0.00    0.00   clock core_clock (rise edge)
                          0.00    0.00   clock source latency
     1    0.02    0.00    0.00    0.00 ^ clk (in)
                                         clk (net)
                  0.00    0.00    0.00 ^ clkbuf_0_clk/A (sky130_fd_sc_hd__clkbuf_8)
     4    0.03    0.07    0.13    0.13 ^ clkbuf_0_clk/X (sky130_fd_sc_hd__clkbuf_8)
                                         clknet_0_clk (net)
                  0.07    0.00    0.13 ^ clkbuf_2_2__f_clk/A (sky130_fd_sc_hd__clkbuf_8)
    10    0.04    0.08    0.16    0.30 ^ clkbuf_2_2__f_clk/X (sky130_fd_sc_hd__clkbuf_8)
                                         clknet_2_2__leaf_clk (net)
                  0.08    0.00    0.30 ^ dpath.b_reg.out[0]$_DFFE_PP_/CLK (sky130_fd_sc_hd__edfxtp_1)
     2    0.01    0.10    0.42    0.72 v dpath.b_reg.out[0]$_DFFE_PP_/Q (sky130_fd_sc_hd__edfxtp_1)
                                         dpath.a_lt_b$in1[0] (net)
                  0.10    0.00    0.72 v _174_/B_N (sky130_fd_sc_hd__nor2b_4)
     2    0.01    0.04    0.16    0.87 v _174_/Y (sky130_fd_sc_hd__nor2b_4)
                                         _015_ (net)
                  0.04    0.00    0.87 v _178_/A (sky130_fd_sc_hd__maj3_2)
     2    0.01    0.07    0.33    1.20 v _178_/X (sky130_fd_sc_hd__maj3_2)
                                         _018_ (net)
                  0.07    0.00    1.20 v _185_/A (sky130_fd_sc_hd__maj3_4)
     2    0.02    0.08    0.37    1.57 v _185_/X (sky130_fd_sc_hd__maj3_4)
                                         _024_ (net)
                  0.08    0.00    1.57 v _187_/A1 (sky130_fd_sc_hd__a21oi_4)
     2    0.02    0.16    0.18    1.75 ^ _187_/Y (sky130_fd_sc_hd__a21oi_4)
                                         _025_ (net)
                  0.16    0.00    1.75 ^ _207_/A1 (sky130_fd_sc_hd__a21oi_4)
     2    0.02    0.12    0.09    1.84 v _207_/Y (sky130_fd_sc_hd__a21oi_4)
                                         _042_ (net)
                  0.12    0.00    1.84 v _254_/D1 (sky130_fd_sc_hd__a2111oi_4)
     1    0.00    0.24    0.21    2.05 ^ _254_/Y (sky130_fd_sc_hd__a2111oi_4)
                                         _082_ (net)
                  0.24    0.00    2.05 ^ rebuffer332/A (sky130_fd_sc_hd__buf_4)
     2    0.02    0.07    0.19    2.24 ^ rebuffer332/X (sky130_fd_sc_hd__buf_4)
                                         net332 (net)
                  0.07    0.00    2.24 ^ _260_/D1 (sky130_fd_sc_hd__a2111oi_4)
     2    0.02    0.12    0.05    2.29 v _260_/Y (sky130_fd_sc_hd__a2111oi_4)
                                         _088_ (net)
                  0.12    0.00    2.29 v _271_/C1 (sky130_fd_sc_hd__a2111oi_4)
     2    0.01    0.30    0.34    2.63 ^ _271_/Y (sky130_fd_sc_hd__a2111oi_4)
                                         _098_ (net)
                  0.30    0.00    2.63 ^ rebuffer206/A (sky130_fd_sc_hd__buf_4)
     3    0.02    0.07    0.21    2.83 ^ rebuffer206/X (sky130_fd_sc_hd__buf_4)
                                         net206 (net)
                  0.07    0.00    2.84 ^ _274_/A2 (sky130_fd_sc_hd__o31ai_4)
     6    0.04    0.17    0.14    2.97 v _274_/Y (sky130_fd_sc_hd__o31ai_4)
                                         _100_ (net)
                  0.17    0.00    2.97 v place125/A (sky130_fd_sc_hd__buf_12)
     3    0.03    0.03    0.19    3.16 v place125/X (sky130_fd_sc_hd__buf_12)
                                         net125 (net)
                  0.03    0.00    3.16 v _315_/S (sky130_fd_sc_hd__mux2i_1)
     1    0.01    0.16    0.17    3.33 ^ _315_/Y (sky130_fd_sc_hd__mux2i_1)
                                         _131_ (net)
                  0.16    0.00    3.33 ^ _317_/A2 (sky130_fd_sc_hd__o21ai_1)
     1    0.01    0.09    0.11    3.45 v _317_/Y (sky130_fd_sc_hd__o21ai_1)
                                         dpath.a_mux$out[3] (net)
                  0.09    0.00    3.45 v dpath.a_reg.out[3]$_DFFE_PP_/D (sky130_fd_sc_hd__edfxtp_1)
                                  3.45   data arrival time

                          1.10    1.10   clock core_clock (rise edge)
                          0.00    1.10   clock source latency
     1    0.02    0.00    0.00    1.10 ^ clk (in)
                                         clk (net)
                  0.00    0.00    1.10 ^ clkbuf_0_clk/A (sky130_fd_sc_hd__clkbuf_8)
     4    0.03    0.07    0.13    1.23 ^ clkbuf_0_clk/X (sky130_fd_sc_hd__clkbuf_8)
                                         clknet_0_clk (net)
                  0.07    0.00    1.23 ^ clkbuf_2_0__f_clk/A (sky130_fd_sc_hd__clkbuf_8)
    10    0.03    0.07    0.16    1.39 ^ clkbuf_2_0__f_clk/X (sky130_fd_sc_hd__clkbuf_8)
                                         clknet_2_0__leaf_clk (net)
                  0.07    0.00    1.39 ^ dpath.a_reg.out[3]$_DFFE_PP_/CLK (sky130_fd_sc_hd__edfxtp_1)
                          0.00    1.39   clock reconvergence pessimism
                         -0.26    1.14   library setup time
                                  1.14   data required time
-----------------------------------------------------------------------------
                                  1.14   data required time
                                 -3.45   data arrival time
-----------------------------------------------------------------------------
                                 -2.31   slack (VIOLATED)



==========================================================================
global route report_checks -unconstrained
--------------------------------------------------------------------------
Startpoint: dpath.b_reg.out[0]$_DFFE_PP_
            (rising edge-triggered flip-flop clocked by core_clock)
Endpoint: dpath.a_reg.out[3]$_DFFE_PP_
          (rising edge-triggered flip-flop clocked by core_clock)
Path Group: core_clock
Path Type: max

Fanout     Cap    Slew   Delay    Time   Description
-----------------------------------------------------------------------------
                          0.00    0.00   clock core_clock (rise edge)
                          0.00    0.00   clock source latency
     1    0.02    0.00    0.00    0.00 ^ clk (in)
                                         clk (net)
                  0.00    0.00    0.00 ^ clkbuf_0_clk/A (sky130_fd_sc_hd__clkbuf_8)
     4    0.03    0.07    0.13    0.13 ^ clkbuf_0_clk/X (sky130_fd_sc_hd__clkbuf_8)
                                         clknet_0_clk (net)
                  0.07    0.00    0.13 ^ clkbuf_2_2__f_clk/A (sky130_fd_sc_hd__clkbuf_8)
    10    0.04    0.08    0.16    0.30 ^ clkbuf_2_2__f_clk/X (sky130_fd_sc_hd__clkbuf_8)
                                         clknet_2_2__leaf_clk (net)
                  0.08    0.00    0.30 ^ dpath.b_reg.out[0]$_DFFE_PP_/CLK (sky130_fd_sc_hd__edfxtp_1)
     2    0.01    0.10    0.42    0.72 v dpath.b_reg.out[0]$_DFFE_PP_/Q (sky130_fd_sc_hd__edfxtp_1)
                                         dpath.a_lt_b$in1[0] (net)
                  0.10    0.00    0.72 v _174_/B_N (sky130_fd_sc_hd__nor2b_4)
     2    0.01    0.04    0.16    0.87 v _174_/Y (sky130_fd_sc_hd__nor2b_4)
                                         _015_ (net)
                  0.04    0.00    0.87 v _178_/A (sky130_fd_sc_hd__maj3_2)
     2    0.01    0.07    0.33    1.20 v _178_/X (sky130_fd_sc_hd__maj3_2)
                                         _018_ (net)
                  0.07    0.00    1.20 v _185_/A (sky130_fd_sc_hd__maj3_4)
     2    0.02    0.08    0.37    1.57 v _185_/X (sky130_fd_sc_hd__maj3_4)
                                         _024_ (net)
                  0.08    0.00    1.57 v _187_/A1 (sky130_fd_sc_hd__a21oi_4)
     2    0.02    0.16    0.18    1.75 ^ _187_/Y (sky130_fd_sc_hd__a21oi_4)
                                         _025_ (net)
                  0.16    0.00    1.75 ^ _207_/A1 (sky130_fd_sc_hd__a21oi_4)
     2    0.02    0.12    0.09    1.84 v _207_/Y (sky130_fd_sc_hd__a21oi_4)
                                         _042_ (net)
                  0.12    0.00    1.84 v _254_/D1 (sky130_fd_sc_hd__a2111oi_4)
     1    0.00    0.24    0.21    2.05 ^ _254_/Y (sky130_fd_sc_hd__a2111oi_4)
                                         _082_ (net)
                  0.24    0.00    2.05 ^ rebuffer332/A (sky130_fd_sc_hd__buf_4)
     2    0.02    0.07    0.19    2.24 ^ rebuffer332/X (sky130_fd_sc_hd__buf_4)
                                         net332 (net)
                  0.07    0.00    2.24 ^ _260_/D1 (sky130_fd_sc_hd__a2111oi_4)
     2    0.02    0.12    0.05    2.29 v _260_/Y (sky130_fd_sc_hd__a2111oi_4)
                                         _088_ (net)
                  0.12    0.00    2.29 v _271_/C1 (sky130_fd_sc_hd__a2111oi_4)
     2    0.01    0.30    0.34    2.63 ^ _271_/Y (sky130_fd_sc_hd__a2111oi_4)
                                         _098_ (net)
                  0.30    0.00    2.63 ^ rebuffer206/A (sky130_fd_sc_hd__buf_4)
     3    0.02    0.07    0.21    2.83 ^ rebuffer206/X (sky130_fd_sc_hd__buf_4)
                                         net206 (net)
                  0.07    0.00    2.84 ^ _274_/A2 (sky130_fd_sc_hd__o31ai_4)
     6    0.04    0.17    0.14    2.97 v _274_/Y (sky130_fd_sc_hd__o31ai_4)
                                         _100_ (net)
                  0.17    0.00    2.97 v place125/A (sky130_fd_sc_hd__buf_12)
     3    0.03    0.03    0.19    3.16 v place125/X (sky130_fd_sc_hd__buf_12)
                                         net125 (net)
                  0.03    0.00    3.16 v _315_/S (sky130_fd_sc_hd__mux2i_1)
     1    0.01    0.16    0.17    3.33 ^ _315_/Y (sky130_fd_sc_hd__mux2i_1)
                                         _131_ (net)
                  0.16    0.00    3.33 ^ _317_/A2 (sky130_fd_sc_hd__o21ai_1)
     1    0.01    0.09    0.11    3.45 v _317_/Y (sky130_fd_sc_hd__o21ai_1)
                                         dpath.a_mux$out[3] (net)
                  0.09    0.00    3.45 v dpath.a_reg.out[3]$_DFFE_PP_/D (sky130_fd_sc_hd__edfxtp_1)
                                  3.45   data arrival time

                          1.10    1.10   clock core_clock (rise edge)
                          0.00    1.10   clock source latency
     1    0.02    0.00    0.00    1.10 ^ clk (in)
                                         clk (net)
                  0.00    0.00    1.10 ^ clkbuf_0_clk/A (sky130_fd_sc_hd__clkbuf_8)
     4    0.03    0.07    0.13    1.23 ^ clkbuf_0_clk/X (sky130_fd_sc_hd__clkbuf_8)
                                         clknet_0_clk (net)
                  0.07    0.00    1.23 ^ clkbuf_2_0__f_clk/A (sky130_fd_sc_hd__clkbuf_8)
    10    0.03    0.07    0.16    1.39 ^ clkbuf_2_0__f_clk/X (sky130_fd_sc_hd__clkbuf_8)
                                         clknet_2_0__leaf_clk (net)
                  0.07    0.00    1.39 ^ dpath.a_reg.out[3]$_DFFE_PP_/CLK (sky130_fd_sc_hd__edfxtp_1)
                          0.00    1.39   clock reconvergence pessimism
                         -0.26    1.14   library setup time
                                  1.14   data required time
-----------------------------------------------------------------------------
                                  1.14   data required time
                                 -3.45   data arrival time
-----------------------------------------------------------------------------
                                 -2.31   slack (VIOLATED)



==========================================================================
global route report_check_types -max_slew -max_cap -max_fanout -violators
--------------------------------------------------------------------------

==========================================================================
global route max_slew_check_slack
--------------------------------------------------------------------------
0.9094080924987793

==========================================================================
global route max_slew_check_limit
--------------------------------------------------------------------------
1.4766590595245361

==========================================================================
global route max_slew_check_slack_limit
--------------------------------------------------------------------------
0.6159

==========================================================================
global route max_fanout_check_slack
--------------------------------------------------------------------------
1.0000000150474662e+30

==========================================================================
global route max_fanout_check_limit
--------------------------------------------------------------------------
1.0000000150474662e+30

==========================================================================
global route max_capacitance_check_slack
--------------------------------------------------------------------------
0.03050290420651436

==========================================================================
global route max_capacitance_check_limit
--------------------------------------------------------------------------
0.04578600078821182

==========================================================================
global route max_capacitance_check_slack_limit
--------------------------------------------------------------------------
0.6662

==========================================================================
global route max_slew_violation_count
--------------------------------------------------------------------------
max slew violation count 0

==========================================================================
global route max_fanout_violation_count
--------------------------------------------------------------------------
max fanout violation count 0

==========================================================================
global route max_cap_violation_count
--------------------------------------------------------------------------
max cap violation count 0

==========================================================================
global route setup_violation_count
--------------------------------------------------------------------------
setup violation count 63

==========================================================================
global route hold_violation_count
--------------------------------------------------------------------------
hold violation count 0

==========================================================================
global route report_checks -path_delay max reg to reg
--------------------------------------------------------------------------
Startpoint: dpath.b_reg.out[0]$_DFFE_PP_
            (rising edge-triggered flip-flop clocked by core_clock)
Endpoint: dpath.a_reg.out[3]$_DFFE_PP_
          (rising edge-triggered flip-flop clocked by core_clock)
Path Group: core_clock
Path Type: max

  Delay    Time   Description
---------------------------------------------------------
   0.00    0.00   clock core_clock (rise edge)
   0.00    0.00   clock source latency
   0.00    0.00 ^ clk (in)
   0.13    0.13 ^ clkbuf_0_clk/X (sky130_fd_sc_hd__clkbuf_8)
   0.16    0.30 ^ clkbuf_2_2__f_clk/X (sky130_fd_sc_hd__clkbuf_8)
   0.00    0.30 ^ dpath.b_reg.out[0]$_DFFE_PP_/CLK (sky130_fd_sc_hd__edfxtp_1)
   0.42    0.72 v dpath.b_reg.out[0]$_DFFE_PP_/Q (sky130_fd_sc_hd__edfxtp_1)
   0.16    0.87 v _174_/Y (sky130_fd_sc_hd__nor2b_4)
   0.33    1.20 v _178_/X (sky130_fd_sc_hd__maj3_2)
   0.37    1.57 v _185_/X (sky130_fd_sc_hd__maj3_4)
   0.18    1.75 ^ _187_/Y (sky130_fd_sc_hd__a21oi_4)
   0.09    1.84 v _207_/Y (sky130_fd_sc_hd__a21oi_4)
   0.21    2.05 ^ _254_/Y (sky130_fd_sc_hd__a2111oi_4)
   0.19    2.24 ^ rebuffer332/X (sky130_fd_sc_hd__buf_4)
   0.05    2.29 v _260_/Y (sky130_fd_sc_hd__a2111oi_4)
   0.34    2.63 ^ _271_/Y (sky130_fd_sc_hd__a2111oi_4)
   0.21    2.83 ^ rebuffer206/X (sky130_fd_sc_hd__buf_4)
   0.14    2.97 v _274_/Y (sky130_fd_sc_hd__o31ai_4)
   0.19    3.16 v place125/X (sky130_fd_sc_hd__buf_12)
   0.17    3.33 ^ _315_/Y (sky130_fd_sc_hd__mux2i_1)
   0.11    3.45 v _317_/Y (sky130_fd_sc_hd__o21ai_1)
   0.00    3.45 v dpath.a_reg.out[3]$_DFFE_PP_/D (sky130_fd_sc_hd__edfxtp_1)
           3.45   data arrival time

   1.10    1.10   clock core_clock (rise edge)
   0.00    1.10   clock source latency
   0.00    1.10 ^ clk (in)
   0.13    1.23 ^ clkbuf_0_clk/X (sky130_fd_sc_hd__clkbuf_8)
   0.16    1.39 ^ clkbuf_2_0__f_clk/X (sky130_fd_sc_hd__clkbuf_8)
   0.00    1.39 ^ dpath.a_reg.out[3]$_DFFE_PP_/CLK (sky130_fd_sc_hd__edfxtp_1)
   0.00    1.39   clock reconvergence pessimism
  -0.26    1.14   library setup time
           1.14   data required time
---------------------------------------------------------
           1.14   data required time
          -3.45   data arrival time
---------------------------------------------------------
          -2.31   slack (VIOLATED)



==========================================================================
global route report_checks -path_delay min reg to reg
--------------------------------------------------------------------------
Startpoint: ctrl.state.out[1]$_DFF_P_
            (rising edge-triggered flip-flop clocked by core_clock)
Endpoint: ctrl.state.out[1]$_DFF_P_
          (rising edge-triggered flip-flop clocked by core_clock)
Path Group: core_clock
Path Type: min

  Delay    Time   Description
---------------------------------------------------------
   0.00    0.00   clock core_clock (rise edge)
   0.00    0.00   clock source latency
   0.00    0.00 ^ clk (in)
   0.13    0.13 ^ clkbuf_0_clk/X (sky130_fd_sc_hd__clkbuf_8)
   0.16    0.29 ^ clkbuf_2_0__f_clk/X (sky130_fd_sc_hd__clkbuf_8)
   0.00    0.29 ^ ctrl.state.out[1]$_DFF_P_/CLK (sky130_fd_sc_hd__dfxtp_1)
   0.33    0.62 v ctrl.state.out[1]$_DFF_P_/Q (sky130_fd_sc_hd__dfxtp_1)
   0.14    0.76 ^ _170_/Y (sky130_fd_sc_hd__o21ai_0)
   0.08    0.84 v _172_/Y (sky130_fd_sc_hd__a21oi_2)
   0.00    0.84 v ctrl.state.out[1]$_DFF_P_/D (sky130_fd_sc_hd__dfxtp_1)
           0.84   data arrival time

   0.00    0.00   clock core_clock (rise edge)
   0.00    0.00   clock source latency
   0.00    0.00 ^ clk (in)
   0.13    0.13 ^ clkbuf_0_clk/X (sky130_fd_sc_hd__clkbuf_8)
   0.16    0.29 ^ clkbuf_2_0__f_clk/X (sky130_fd_sc_hd__clkbuf_8)
   0.00    0.29 ^ ctrl.state.out[1]$_DFF_P_/CLK (sky130_fd_sc_hd__dfxtp_1)
   0.00    0.29   clock reconvergence pessimism
  -0.04    0.25   library hold time
           0.25   data required time
---------------------------------------------------------
           0.25   data required time
          -0.84   data arrival time
---------------------------------------------------------
           0.59   slack (MET)



==========================================================================
global route critical path target clock latency max path
--------------------------------------------------------------------------
0.2926

==========================================================================
global route critical path target clock latency min path
--------------------------------------------------------------------------
0.2925

==========================================================================
global route critical path source clock latency min path
--------------------------------------------------------------------------
0.0000

==========================================================================
global route critical path delay
--------------------------------------------------------------------------
3.4478

==========================================================================
global route critical path slack
--------------------------------------------------------------------------
-2.3120

==========================================================================
global route slack div critical path delay
--------------------------------------------------------------------------
-67.057254

==========================================================================
global route report_power
--------------------------------------------------------------------------
Group                  Internal  Switching    Leakage      Total
                          Power      Power      Power      Power (Watts)
----------------------------------------------------------------
Sequential             1.65e-03   1.39e-04   3.52e-10   1.79e-03  25.9%
Combinational          2.23e-03   1.77e-03   1.42e-09   4.00e-03  57.8%
Clock                  5.74e-04   5.50e-04   5.15e-11   1.12e-03  16.3%
Macro                  0.00e+00   0.00e+00   0.00e+00   0.00e+00   0.0%
Pad                    0.00e+00   0.00e+00   0.00e+00   0.00e+00   0.0%
----------------------------------------------------------------
Total                  4.46e-03   2.45e-03   1.82e-09   6.91e-03 100.0%
                          64.5%      35.5%       0.0%
