
==========================================================================
finish report_tns
--------------------------------------------------------------------------
tns max -92.21

==========================================================================
finish report_wns
--------------------------------------------------------------------------
wns max -2.19

==========================================================================
finish report_worst_slack
--------------------------------------------------------------------------
worst slack max -2.19

==========================================================================
finish report_clock_min_period
--------------------------------------------------------------------------
core_clock period_min = 3.29 fmax = 303.91

==========================================================================
finish report_clock_skew
--------------------------------------------------------------------------
Clock core_clock
   0.28 source latency ctrl.state.out[2]$_DFF_P_/CLK ^
  -0.29 target latency dpath.b_reg.out[15]$_DFFE_PP_/CLK ^
   0.00 CRPR
--------------
  -0.01 setup skew


==========================================================================
finish report_checks -path_delay min
--------------------------------------------------------------------------
Startpoint: ctrl.state.out[1]$_DFF_P_
            (rising edge-triggered flip-flop clocked by core_clock)
Endpoint: ctrl.state.out[1]$_DFF_P_
          (rising edge-triggered flip-flop clocked by core_clock)
Path Group: core_clock
Path Type: min

Fanout     Cap    Slew   Delay    Time   Description
-----------------------------------------------------------------------------
                          0.00    0.00   clock core_clock (rise edge)
                          0.00    0.00   clock source latency
     1    0.01    0.00    0.00    0.00 ^ clk (in)
                                         clk (net)
                  0.00    0.00    0.00 ^ clkbuf_0_clk/A (sky130_fd_sc_hd__clkbuf_8)
     4    0.03    0.07    0.13    0.13 ^ clkbuf_0_clk/X (sky130_fd_sc_hd__clkbuf_8)
                                         clknet_0_clk (net)
                  0.07    0.00    0.13 ^ clkbuf_2_0__f_clk/A (sky130_fd_sc_hd__clkbuf_8)
    10    0.03    0.06    0.15    0.28 ^ clkbuf_2_0__f_clk/X (sky130_fd_sc_hd__clkbuf_8)
                                         clknet_2_0__leaf_clk (net)
                  0.06    0.00    0.28 ^ ctrl.state.out[1]$_DFF_P_/CLK (sky130_fd_sc_hd__dfxtp_1)
     2    0.01    0.04    0.31    0.60 v ctrl.state.out[1]$_DFF_P_/Q (sky130_fd_sc_hd__dfxtp_1)
                                         ctrl.state.out[1] (net)
                  0.04    0.00    0.60 v _170_/B1 (sky130_fd_sc_hd__o21ai_0)
     1    0.01    0.12    0.11    0.70 ^ _170_/Y (sky130_fd_sc_hd__o21ai_0)
                                         _013_ (net)
                  0.12    0.00    0.70 ^ _172_/A2 (sky130_fd_sc_hd__a21oi_2)
     1    0.00    0.02    0.07    0.77 v _172_/Y (sky130_fd_sc_hd__a21oi_2)
                                         _001_ (net)
                  0.02    0.00    0.77 v ctrl.state.out[1]$_DFF_P_/D (sky130_fd_sc_hd__dfxtp_1)
                                  0.77   data arrival time

                          0.00    0.00   clock core_clock (rise edge)
                          0.00    0.00   clock source latency
     1    0.01    0.00    0.00    0.00 ^ clk (in)
                                         clk (net)
                  0.00    0.00    0.00 ^ clkbuf_0_clk/A (sky130_fd_sc_hd__clkbuf_8)
     4    0.03    0.07    0.13    0.13 ^ clkbuf_0_clk/X (sky130_fd_sc_hd__clkbuf_8)
                                         clknet_0_clk (net)
                  0.07    0.00    0.13 ^ clkbuf_2_0__f_clk/A (sky130_fd_sc_hd__clkbuf_8)
    10    0.03    0.06    0.15    0.28 ^ clkbuf_2_0__f_clk/X (sky130_fd_sc_hd__clkbuf_8)
                                         clknet_2_0__leaf_clk (net)
                  0.06    0.00    0.28 ^ ctrl.state.out[1]$_DFF_P_/CLK (sky130_fd_sc_hd__dfxtp_1)
                          0.00    0.28   clock reconvergence pessimism
                         -0.04    0.25   library hold time
                                  0.25   data required time
-----------------------------------------------------------------------------
                                  0.25   data required time
                                 -0.77   data arrival time
-----------------------------------------------------------------------------
                                  0.53   slack (MET)



==========================================================================
finish report_checks -path_delay max
--------------------------------------------------------------------------
Startpoint: dpath.b_reg.out[0]$_DFFE_PP_
            (rising edge-triggered flip-flop clocked by core_clock)
Endpoint: dpath.a_reg.out[7]$_DFFE_PP_
          (rising edge-triggered flip-flop clocked by core_clock)
Path Group: core_clock
Path Type: max

Fanout     Cap    Slew   Delay    Time   Description
-----------------------------------------------------------------------------
                          0.00    0.00   clock core_clock (rise edge)
                          0.00    0.00   clock source latency
     1    0.01    0.00    0.00    0.00 ^ clk (in)
                                         clk (net)
                  0.00    0.00    0.00 ^ clkbuf_0_clk/A (sky130_fd_sc_hd__clkbuf_8)
     4    0.03    0.07    0.13    0.13 ^ clkbuf_0_clk/X (sky130_fd_sc_hd__clkbuf_8)
                                         clknet_0_clk (net)
                  0.07    0.00    0.13 ^ clkbuf_2_2__f_clk/A (sky130_fd_sc_hd__clkbuf_8)
    10    0.03    0.07    0.16    0.29 ^ clkbuf_2_2__f_clk/X (sky130_fd_sc_hd__clkbuf_8)
                                         clknet_2_2__leaf_clk (net)
                  0.07    0.00    0.29 ^ dpath.b_reg.out[0]$_DFFE_PP_/CLK (sky130_fd_sc_hd__edfxtp_1)
     2    0.01    0.10    0.41    0.70 v dpath.b_reg.out[0]$_DFFE_PP_/Q (sky130_fd_sc_hd__edfxtp_1)
                                         dpath.a_lt_b$in1[0] (net)
                  0.10    0.00    0.70 v _174_/B_N (sky130_fd_sc_hd__nor2b_4)
     2    0.01    0.04    0.15    0.85 v _174_/Y (sky130_fd_sc_hd__nor2b_4)
                                         _015_ (net)
                  0.04    0.00    0.85 v _178_/A (sky130_fd_sc_hd__maj3_2)
     2    0.01    0.07    0.32    1.17 v _178_/X (sky130_fd_sc_hd__maj3_2)
                                         _018_ (net)
                  0.07    0.00    1.17 v _185_/A (sky130_fd_sc_hd__maj3_4)
     2    0.01    0.07    0.36    1.53 v _185_/X (sky130_fd_sc_hd__maj3_4)
                                         _024_ (net)
                  0.07    0.00    1.53 v _187_/A1 (sky130_fd_sc_hd__a21oi_4)
     2    0.02    0.16    0.18    1.71 ^ _187_/Y (sky130_fd_sc_hd__a21oi_4)
                                         _025_ (net)
                  0.16    0.00    1.71 ^ _207_/A1 (sky130_fd_sc_hd__a21oi_4)
     2    0.01    0.11    0.09    1.80 v _207_/Y (sky130_fd_sc_hd__a21oi_4)
                                         _042_ (net)
                  0.11    0.00    1.80 v _254_/D1 (sky130_fd_sc_hd__a2111oi_4)
     1    0.00    0.24    0.20    2.00 ^ _254_/Y (sky130_fd_sc_hd__a2111oi_4)
                                         _082_ (net)
                  0.24    0.00    2.00 ^ rebuffer332/A (sky130_fd_sc_hd__buf_4)
     2    0.02    0.07    0.19    2.19 ^ rebuffer332/X (sky130_fd_sc_hd__buf_4)
                                         net332 (net)
                  0.07    0.00    2.19 ^ _260_/D1 (sky130_fd_sc_hd__a2111oi_4)
     2    0.01    0.11    0.05    2.24 v _260_/Y (sky130_fd_sc_hd__a2111oi_4)
                                         _088_ (net)
                  0.11    0.00    2.24 v _271_/C1 (sky130_fd_sc_hd__a2111oi_4)
     2    0.01    0.27    0.31    2.55 ^ _271_/Y (sky130_fd_sc_hd__a2111oi_4)
                                         _098_ (net)
                  0.27    0.00    2.55 ^ rebuffer206/A (sky130_fd_sc_hd__buf_4)
     3    0.02    0.07    0.20    2.74 ^ rebuffer206/X (sky130_fd_sc_hd__buf_4)
                                         net206 (net)
                  0.07    0.00    2.74 ^ _274_/A2 (sky130_fd_sc_hd__o31ai_4)
     6    0.04    0.16    0.13    2.87 v _274_/Y (sky130_fd_sc_hd__o31ai_4)
                                         _100_ (net)
                  0.16    0.00    2.87 v place124/A (sky130_fd_sc_hd__buf_6)
     4    0.03    0.04    0.18    3.05 v place124/X (sky130_fd_sc_hd__buf_6)
                                         net124 (net)
                  0.04    0.00    3.05 v _327_/S (sky130_fd_sc_hd__mux2i_1)
     1    0.01    0.17    0.18    3.23 ^ _327_/Y (sky130_fd_sc_hd__mux2i_1)
                                         _139_ (net)
                  0.17    0.00    3.23 ^ _329_/A1 (sky130_fd_sc_hd__a21oi_1)
     1    0.00    0.07    0.09    3.33 v _329_/Y (sky130_fd_sc_hd__a21oi_1)
                                         dpath.a_mux$out[7] (net)
                  0.07    0.00    3.33 v dpath.a_reg.out[7]$_DFFE_PP_/D (sky130_fd_sc_hd__edfxtp_1)
                                  3.33   data arrival time

                          1.10    1.10   clock core_clock (rise edge)
                          0.00    1.10   clock source latency
     1    0.01    0.00    0.00    1.10 ^ clk (in)
                                         clk (net)
                  0.00    0.00    1.10 ^ clkbuf_0_clk/A (sky130_fd_sc_hd__clkbuf_8)
     4    0.03    0.07    0.13    1.23 ^ clkbuf_0_clk/X (sky130_fd_sc_hd__clkbuf_8)
                                         clknet_0_clk (net)
                  0.07    0.00    1.23 ^ clkbuf_2_2__f_clk/A (sky130_fd_sc_hd__clkbuf_8)
    10    0.03    0.07    0.16    1.39 ^ clkbuf_2_2__f_clk/X (sky130_fd_sc_hd__clkbuf_8)
                                         clknet_2_2__leaf_clk (net)
                  0.07    0.00    1.39 ^ dpath.a_reg.out[7]$_DFFE_PP_/CLK (sky130_fd_sc_hd__edfxtp_1)
                          0.00    1.39   clock reconvergence pessimism
                         -0.25    1.14   library setup time
                                  1.14   data required time
-----------------------------------------------------------------------------
                                  1.14   data required time
                                 -3.33   data arrival time
-----------------------------------------------------------------------------
                                 -2.19   slack (VIOLATED)



==========================================================================
finish report_checks -unconstrained
--------------------------------------------------------------------------
Startpoint: dpath.b_reg.out[0]$_DFFE_PP_
            (rising edge-triggered flip-flop clocked by core_clock)
Endpoint: dpath.a_reg.out[7]$_DFFE_PP_
          (rising edge-triggered flip-flop clocked by core_clock)
Path Group: core_clock
Path Type: max

Fanout     Cap    Slew   Delay    Time   Description
-----------------------------------------------------------------------------
                          0.00    0.00   clock core_clock (rise edge)
                          0.00    0.00   clock source latency
     1    0.01    0.00    0.00    0.00 ^ clk (in)
                                         clk (net)
                  0.00    0.00    0.00 ^ clkbuf_0_clk/A (sky130_fd_sc_hd__clkbuf_8)
     4    0.03    0.07    0.13    0.13 ^ clkbuf_0_clk/X (sky130_fd_sc_hd__clkbuf_8)
                                         clknet_0_clk (net)
                  0.07    0.00    0.13 ^ clkbuf_2_2__f_clk/A (sky130_fd_sc_hd__clkbuf_8)
    10    0.03    0.07    0.16    0.29 ^ clkbuf_2_2__f_clk/X (sky130_fd_sc_hd__clkbuf_8)
                                         clknet_2_2__leaf_clk (net)
                  0.07    0.00    0.29 ^ dpath.b_reg.out[0]$_DFFE_PP_/CLK (sky130_fd_sc_hd__edfxtp_1)
     2    0.01    0.10    0.41    0.70 v dpath.b_reg.out[0]$_DFFE_PP_/Q (sky130_fd_sc_hd__edfxtp_1)
                                         dpath.a_lt_b$in1[0] (net)
                  0.10    0.00    0.70 v _174_/B_N (sky130_fd_sc_hd__nor2b_4)
     2    0.01    0.04    0.15    0.85 v _174_/Y (sky130_fd_sc_hd__nor2b_4)
                                         _015_ (net)
                  0.04    0.00    0.85 v _178_/A (sky130_fd_sc_hd__maj3_2)
     2    0.01    0.07    0.32    1.17 v _178_/X (sky130_fd_sc_hd__maj3_2)
                                         _018_ (net)
                  0.07    0.00    1.17 v _185_/A (sky130_fd_sc_hd__maj3_4)
     2    0.01    0.07    0.36    1.53 v _185_/X (sky130_fd_sc_hd__maj3_4)
                                         _024_ (net)
                  0.07    0.00    1.53 v _187_/A1 (sky130_fd_sc_hd__a21oi_4)
     2    0.02    0.16    0.18    1.71 ^ _187_/Y (sky130_fd_sc_hd__a21oi_4)
                                         _025_ (net)
                  0.16    0.00    1.71 ^ _207_/A1 (sky130_fd_sc_hd__a21oi_4)
     2    0.01    0.11    0.09    1.80 v _207_/Y (sky130_fd_sc_hd__a21oi_4)
                                         _042_ (net)
                  0.11    0.00    1.80 v _254_/D1 (sky130_fd_sc_hd__a2111oi_4)
     1    0.00    0.24    0.20    2.00 ^ _254_/Y (sky130_fd_sc_hd__a2111oi_4)
                                         _082_ (net)
                  0.24    0.00    2.00 ^ rebuffer332/A (sky130_fd_sc_hd__buf_4)
     2    0.02    0.07    0.19    2.19 ^ rebuffer332/X (sky130_fd_sc_hd__buf_4)
                                         net332 (net)
                  0.07    0.00    2.19 ^ _260_/D1 (sky130_fd_sc_hd__a2111oi_4)
     2    0.01    0.11    0.05    2.24 v _260_/Y (sky130_fd_sc_hd__a2111oi_4)
                                         _088_ (net)
                  0.11    0.00    2.24 v _271_/C1 (sky130_fd_sc_hd__a2111oi_4)
     2    0.01    0.27    0.31    2.55 ^ _271_/Y (sky130_fd_sc_hd__a2111oi_4)
                                         _098_ (net)
                  0.27    0.00    2.55 ^ rebuffer206/A (sky130_fd_sc_hd__buf_4)
     3    0.02    0.07    0.20    2.74 ^ rebuffer206/X (sky130_fd_sc_hd__buf_4)
                                         net206 (net)
                  0.07    0.00    2.74 ^ _274_/A2 (sky130_fd_sc_hd__o31ai_4)
     6    0.04    0.16    0.13    2.87 v _274_/Y (sky130_fd_sc_hd__o31ai_4)
                                         _100_ (net)
                  0.16    0.00    2.87 v place124/A (sky130_fd_sc_hd__buf_6)
     4    0.03    0.04    0.18    3.05 v place124/X (sky130_fd_sc_hd__buf_6)
                                         net124 (net)
                  0.04    0.00    3.05 v _327_/S (sky130_fd_sc_hd__mux2i_1)
     1    0.01    0.17    0.18    3.23 ^ _327_/Y (sky130_fd_sc_hd__mux2i_1)
                                         _139_ (net)
                  0.17    0.00    3.23 ^ _329_/A1 (sky130_fd_sc_hd__a21oi_1)
     1    0.00    0.07    0.09    3.33 v _329_/Y (sky130_fd_sc_hd__a21oi_1)
                                         dpath.a_mux$out[7] (net)
                  0.07    0.00    3.33 v dpath.a_reg.out[7]$_DFFE_PP_/D (sky130_fd_sc_hd__edfxtp_1)
                                  3.33   data arrival time

                          1.10    1.10   clock core_clock (rise edge)
                          0.00    1.10   clock source latency
     1    0.01    0.00    0.00    1.10 ^ clk (in)
                                         clk (net)
                  0.00    0.00    1.10 ^ clkbuf_0_clk/A (sky130_fd_sc_hd__clkbuf_8)
     4    0.03    0.07    0.13    1.23 ^ clkbuf_0_clk/X (sky130_fd_sc_hd__clkbuf_8)
                                         clknet_0_clk (net)
                  0.07    0.00    1.23 ^ clkbuf_2_2__f_clk/A (sky130_fd_sc_hd__clkbuf_8)
    10    0.03    0.07    0.16    1.39 ^ clkbuf_2_2__f_clk/X (sky130_fd_sc_hd__clkbuf_8)
                                         clknet_2_2__leaf_clk (net)
                  0.07    0.00    1.39 ^ dpath.a_reg.out[7]$_DFFE_PP_/CLK (sky130_fd_sc_hd__edfxtp_1)
                          0.00    1.39   clock reconvergence pessimism
                         -0.25    1.14   library setup time
                                  1.14   data required time
-----------------------------------------------------------------------------
                                  1.14   data required time
                                 -3.33   data arrival time
-----------------------------------------------------------------------------
                                 -2.19   slack (VIOLATED)



==========================================================================
finish report_check_types -max_slew -max_cap -max_fanout -violators
--------------------------------------------------------------------------

==========================================================================
finish max_slew_check_slack
--------------------------------------------------------------------------
0.9449284672737122

==========================================================================
finish max_slew_check_limit
--------------------------------------------------------------------------
1.49691903591156

==========================================================================
finish max_slew_check_slack_limit
--------------------------------------------------------------------------
0.6312

==========================================================================
finish max_fanout_check_slack
--------------------------------------------------------------------------
1.0000000150474662e+30

==========================================================================
finish max_fanout_check_limit
--------------------------------------------------------------------------
1.0000000150474662e+30

==========================================================================
finish max_capacitance_check_slack
--------------------------------------------------------------------------
0.03250803425908089

==========================================================================
finish max_capacitance_check_limit
--------------------------------------------------------------------------
0.04578600078821182

==========================================================================
finish max_capacitance_check_slack_limit
--------------------------------------------------------------------------
0.7100

==========================================================================
finish max_slew_violation_count
--------------------------------------------------------------------------
max slew violation count 0

==========================================================================
finish max_fanout_violation_count
--------------------------------------------------------------------------
max fanout violation count 0

==========================================================================
finish max_cap_violation_count
--------------------------------------------------------------------------
max cap violation count 0

==========================================================================
finish setup_violation_count
--------------------------------------------------------------------------
setup violation count 62

==========================================================================
finish hold_violation_count
--------------------------------------------------------------------------
hold violation count 0

==========================================================================
finish report_checks -path_delay max reg to reg
--------------------------------------------------------------------------
Startpoint: dpath.b_reg.out[0]$_DFFE_PP_
            (rising edge-triggered flip-flop clocked by core_clock)
Endpoint: dpath.a_reg.out[7]$_DFFE_PP_
          (rising edge-triggered flip-flop clocked by core_clock)
Path Group: core_clock
Path Type: max

  Delay    Time   Description
---------------------------------------------------------
   0.00    0.00   clock core_clock (rise edge)
   0.00    0.00   clock source latency
   0.00    0.00 ^ clk (in)
   0.13    0.13 ^ clkbuf_0_clk/X (sky130_fd_sc_hd__clkbuf_8)
   0.16    0.29 ^ clkbuf_2_2__f_clk/X (sky130_fd_sc_hd__clkbuf_8)
   0.00    0.29 ^ dpath.b_reg.out[0]$_DFFE_PP_/CLK (sky130_fd_sc_hd__edfxtp_1)
   0.41    0.70 v dpath.b_reg.out[0]$_DFFE_PP_/Q (sky130_fd_sc_hd__edfxtp_1)
   0.15    0.85 v _174_/Y (sky130_fd_sc_hd__nor2b_4)
   0.32    1.17 v _178_/X (sky130_fd_sc_hd__maj3_2)
   0.36    1.53 v _185_/X (sky130_fd_sc_hd__maj3_4)
   0.18    1.71 ^ _187_/Y (sky130_fd_sc_hd__a21oi_4)
   0.09    1.80 v _207_/Y (sky130_fd_sc_hd__a21oi_4)
   0.20    2.00 ^ _254_/Y (sky130_fd_sc_hd__a2111oi_4)
   0.19    2.19 ^ rebuffer332/X (sky130_fd_sc_hd__buf_4)
   0.05    2.24 v _260_/Y (sky130_fd_sc_hd__a2111oi_4)
   0.31    2.55 ^ _271_/Y (sky130_fd_sc_hd__a2111oi_4)
   0.20    2.74 ^ rebuffer206/X (sky130_fd_sc_hd__buf_4)
   0.13    2.87 v _274_/Y (sky130_fd_sc_hd__o31ai_4)
   0.18    3.05 v place124/X (sky130_fd_sc_hd__buf_6)
   0.18    3.23 ^ _327_/Y (sky130_fd_sc_hd__mux2i_1)
   0.09    3.33 v _329_/Y (sky130_fd_sc_hd__a21oi_1)
   0.00    3.33 v dpath.a_reg.out[7]$_DFFE_PP_/D (sky130_fd_sc_hd__edfxtp_1)
           3.33   data arrival time

   1.10    1.10   clock core_clock (rise edge)
   0.00    1.10   clock source latency
   0.00    1.10 ^ clk (in)
   0.13    1.23 ^ clkbuf_0_clk/X (sky130_fd_sc_hd__clkbuf_8)
   0.16    1.39 ^ clkbuf_2_2__f_clk/X (sky130_fd_sc_hd__clkbuf_8)
   0.00    1.39 ^ dpath.a_reg.out[7]$_DFFE_PP_/CLK (sky130_fd_sc_hd__edfxtp_1)
   0.00    1.39   clock reconvergence pessimism
  -0.25    1.14   library setup time
           1.14   data required time
---------------------------------------------------------
           1.14   data required time
          -3.33   data arrival time
---------------------------------------------------------
          -2.19   slack (VIOLATED)



==========================================================================
finish report_checks -path_delay min reg to reg
--------------------------------------------------------------------------
Startpoint: ctrl.state.out[1]$_DFF_P_
            (rising edge-triggered flip-flop clocked by core_clock)
Endpoint: ctrl.state.out[1]$_DFF_P_
          (rising edge-triggered flip-flop clocked by core_clock)
Path Group: core_clock
Path Type: min

  Delay    Time   Description
---------------------------------------------------------
   0.00    0.00   clock core_clock (rise edge)
   0.00    0.00   clock source latency
   0.00    0.00 ^ clk (in)
   0.13    0.13 ^ clkbuf_0_clk/X (sky130_fd_sc_hd__clkbuf_8)
   0.15    0.28 ^ clkbuf_2_0__f_clk/X (sky130_fd_sc_hd__clkbuf_8)
   0.00    0.28 ^ ctrl.state.out[1]$_DFF_P_/CLK (sky130_fd_sc_hd__dfxtp_1)
   0.31    0.60 v ctrl.state.out[1]$_DFF_P_/Q (sky130_fd_sc_hd__dfxtp_1)
   0.11    0.70 ^ _170_/Y (sky130_fd_sc_hd__o21ai_0)
   0.07    0.77 v _172_/Y (sky130_fd_sc_hd__a21oi_2)
   0.00    0.77 v ctrl.state.out[1]$_DFF_P_/D (sky130_fd_sc_hd__dfxtp_1)
           0.77   data arrival time

   0.00    0.00   clock core_clock (rise edge)
   0.00    0.00   clock source latency
   0.00    0.00 ^ clk (in)
   0.13    0.13 ^ clkbuf_0_clk/X (sky130_fd_sc_hd__clkbuf_8)
   0.15    0.28 ^ clkbuf_2_0__f_clk/X (sky130_fd_sc_hd__clkbuf_8)
   0.00    0.28 ^ ctrl.state.out[1]$_DFF_P_/CLK (sky130_fd_sc_hd__dfxtp_1)
   0.00    0.28   clock reconvergence pessimism
  -0.04    0.25   library hold time
           0.25   data required time
---------------------------------------------------------
           0.25   data required time
          -0.77   data arrival time
---------------------------------------------------------
           0.53   slack (MET)



==========================================================================
finish critical path target clock latency max path
--------------------------------------------------------------------------
0.2834

==========================================================================
finish critical path target clock latency min path
--------------------------------------------------------------------------
0.2834

==========================================================================
finish critical path source clock latency min path
--------------------------------------------------------------------------
0.0000

==========================================================================
finish critical path delay
--------------------------------------------------------------------------
3.3285

==========================================================================
finish critical path slack
--------------------------------------------------------------------------
-2.1905

==========================================================================
finish slack div critical path delay
--------------------------------------------------------------------------
-65.810425

==========================================================================
finish report_power
--------------------------------------------------------------------------
Group                  Internal  Switching    Leakage      Total
                          Power      Power      Power      Power (Watts)
----------------------------------------------------------------
Sequential             1.65e-03   1.16e-04   3.52e-10   1.77e-03  26.9%
Combinational          2.22e-03   1.52e-03   1.42e-09   3.74e-03  57.0%
Clock                  5.72e-04   4.80e-04   5.15e-11   1.05e-03  16.0%
Macro                  0.00e+00   0.00e+00   0.00e+00   0.00e+00   0.0%
Pad                    0.00e+00   0.00e+00   0.00e+00   0.00e+00   0.0%
----------------------------------------------------------------
Total                  4.45e-03   2.12e-03   1.82e-09   6.56e-03 100.0%
                          67.8%      32.2%       0.0%
